Component: ARM Compiler 5.06 update 7 (build 960) Tool: armlink [4d3601]

==============================================================================

Section Cross References

    main.o(i.AppTaskCreate) refers to port.o(i.vPortEnterCritical) for vPortEnterCritical
    main.o(i.AppTaskCreate) refers to tasks.o(i.xTaskCreate) for xTaskCreate
    main.o(i.AppTaskCreate) refers to port.o(i.vPortExitCritical) for vPortExitCritical
    main.o(i.AppTaskCreate) refers to main.o(.data) for LED0Task_Handler
    main.o(i.AppTaskCreate) refers to main.o(i.led0_task) for led0_task
    main.o(i.AppTaskCreate) refers to main.o(i.KEY_task) for KEY_task
    main.o(i.AppTaskCreate) refers to main.o(i.OLED_task) for OLED_task
    main.o(i.AppTaskCreate) refers to main.o(i.CPU_task) for CPU_task
    main.o(i.CPU_task) refers to memseta.o(.text) for __aeabi_memclr4
    main.o(i.CPU_task) refers to tasks.o(i.vTaskList) for vTaskList
    main.o(i.CPU_task) refers to printf3.o(i.__0printf$3) for __2printf
    main.o(i.CPU_task) refers to tasks.o(i.vTaskGetRunTimeStats) for vTaskGetRunTimeStats
    main.o(i.CPU_task) refers to tasks.o(i.vTaskDelay) for vTaskDelay
    main.o(i.CPU_task) refers to main.o(.conststring) for .conststring
    main.o(i.KEY_task) refers to tasks.o(i.vTaskDelay) for vTaskDelay
    main.o(i.OLED_task) refers to tasks.o(i.vTaskDelay) for vTaskDelay
    main.o(i.led0_task) refers to tasks.o(i.vTaskDelay) for vTaskDelay
    main.o(i.main) refers to bsp.o(i.bsp_Init) for bsp_Init
    main.o(i.main) refers to main.o(i.AppTaskCreate) for AppTaskCreate
    main.o(i.main) refers to main.o(i.AppObjCreate) for AppObjCreate
    main.o(i.main) refers to tasks.o(i.vTaskStartScheduler) for vTaskStartScheduler
    led.o(i.LED_Init) refers to stm32f10x_rcc.o(i.RCC_APB2PeriphClockCmd) for RCC_APB2PeriphClockCmd
    led.o(i.LED_Init) refers to stm32f10x_gpio.o(i.GPIO_Init) for GPIO_Init
    led.o(i.LED_Init) refers to stm32f10x_gpio.o(i.GPIO_SetBits) for GPIO_SetBits
    timme.o(i.TIM2_IRQHandler) refers to stm32f10x_tim.o(i.TIM_GetITStatus) for TIM_GetITStatus
    timme.o(i.TIM2_IRQHandler) refers to stm32f10x_tim.o(i.TIM_ClearITPendingBit) for TIM_ClearITPendingBit
    timme.o(i.TIM3_IRQHandler) refers to stm32f10x_tim.o(i.TIM_GetITStatus) for TIM_GetITStatus
    timme.o(i.TIM3_IRQHandler) refers to stm32f10x_tim.o(i.TIM_ClearITPendingBit) for TIM_ClearITPendingBit
    timme.o(i.TIM3_IRQHandler) refers to timme.o(.data) for CPU_RunTime
    timme.o(i.TIM3_Int_Init) refers to stm32f10x_rcc.o(i.RCC_APB1PeriphClockCmd) for RCC_APB1PeriphClockCmd
    timme.o(i.TIM3_Int_Init) refers to stm32f10x_tim.o(i.TIM_TimeBaseInit) for TIM_TimeBaseInit
    timme.o(i.TIM3_Int_Init) refers to stm32f10x_tim.o(i.TIM_ITConfig) for TIM_ITConfig
    timme.o(i.TIM3_Int_Init) refers to stm32f10x_tim.o(i.TIM_Cmd) for TIM_Cmd
    timme.o(i.TIM3_Int_Init) refers to misc.o(i.NVIC_Init) for NVIC_Init
    timme.o(i.Timer2_Init) refers to stm32f10x_rcc.o(i.RCC_APB1PeriphClockCmd) for RCC_APB1PeriphClockCmd
    timme.o(i.Timer2_Init) refers to stm32f10x_tim.o(i.TIM_TimeBaseInit) for TIM_TimeBaseInit
    timme.o(i.Timer2_Init) refers to stm32f10x_tim.o(i.TIM_ITConfig) for TIM_ITConfig
    timme.o(i.Timer2_Init) refers to misc.o(i.NVIC_Init) for NVIC_Init
    timme.o(i.Timer2_Init) refers to stm32f10x_tim.o(i.TIM_Cmd) for TIM_Cmd
    bsp.o(i.bsp_Init) refers to misc.o(i.NVIC_PriorityGroupConfig) for NVIC_PriorityGroupConfig
    bsp.o(i.bsp_Init) refers to delay.o(i.delay_init) for delay_init
    bsp.o(i.bsp_Init) refers to led.o(i.LED_Init) for LED_Init
    bsp.o(i.bsp_Init) refers to usart.o(i.uart_init) for uart_init
    bsp.o(i.bsp_Init) refers to timme.o(i.Timer2_Init) for Timer2_Init
    bsp.o(i.bsp_Init) refers to timme.o(i.TIM3_Int_Init) for TIM3_Int_Init
    delay.o(i.SysTick_Handler) refers to tasks.o(i.xTaskGetSchedulerState) for xTaskGetSchedulerState
    delay.o(i.SysTick_Handler) refers to port.o(i.xPortSysTickHandler) for xPortSysTickHandler
    delay.o(i.delay_init) refers to misc.o(i.SysTick_CLKSourceConfig) for SysTick_CLKSourceConfig
    delay.o(i.delay_init) refers to system_stm32f10x.o(.data) for SystemCoreClock
    delay.o(i.delay_init) refers to delay.o(.data) for fac_us
    delay.o(i.delay_ms) refers to tasks.o(i.xTaskGetSchedulerState) for xTaskGetSchedulerState
    delay.o(i.delay_ms) refers to tasks.o(i.vTaskDelay) for vTaskDelay
    delay.o(i.delay_ms) refers to delay.o(i.delay_us) for delay_us
    delay.o(i.delay_ms) refers to delay.o(.data) for fac_ms
    delay.o(i.delay_us) refers to delay.o(.data) for fac_us
    delay.o(i.delay_xms) refers to delay.o(i.delay_us) for delay_us
    usart.o(i.USART1_IRQHandler) refers to stm32f10x_usart.o(i.USART_GetITStatus) for USART_GetITStatus
    usart.o(i.USART1_IRQHandler) refers to stm32f10x_usart.o(i.USART_ReceiveData) for USART_ReceiveData
    usart.o(i.USART1_IRQHandler) refers to usart.o(.data) for USART_RX_STA
[...]
    Removing stm32f10x_rcc.o(i.RCC_BackupResetCmd), (12 bytes).
    Removing stm32f10x_rcc.o(i.RCC_ClearFlag), (20 bytes).
    Removing stm32f10x_rcc.o(i.RCC_ClearITPendingBit), (12 bytes).
    Removing stm32f10x_rcc.o(i.RCC_ClockSecuritySystemCmd), (12 bytes).
    Removing stm32f10x_rcc.o(i.RCC_DeInit), (76 bytes).
    Removing stm32f10x_rcc.o(i.RCC_GetFlagStatus), (60 bytes).
    Removing stm32f10x_rcc.o(i.RCC_GetITStatus), (24 bytes).
    Removing stm32f10x_rcc.o(i.RCC_GetSYSCLKSource), (16 bytes).
    Removing stm32f10x_rcc.o(i.RCC_HCLKConfig), (24 bytes).
    Removing stm32f10x_rcc.o(i.RCC_HSEConfig), (76 bytes).
    Removing stm32f10x_rcc.o(i.RCC_HSICmd), (12 bytes).
    Removing stm32f10x_rcc.o(i.RCC_ITConfig), (32 bytes).
    Removing stm32f10x_rcc.o(i.RCC_LSEConfig), (52 bytes).
    Removing stm32f10x_rcc.o(i.RCC_LSICmd), (12 bytes).
    Removing stm32f10x_rcc.o(i.RCC_MCOConfig), (12 bytes).
    Removing stm32f10x_rcc.o(i.RCC_PCLK1Config), (24 bytes).
    Removing stm32f10x_rcc.o(i.RCC_PCLK2Config), (24 bytes).
    Removing stm32f10x_rcc.o(i.RCC_PLLCmd), (12 bytes).
    Removing stm32f10x_rcc.o(i.RCC_PLLConfig), (28 bytes).
    Removing stm32f10x_rcc.o(i.RCC_RTCCLKCmd), (12 bytes).
    Removing stm32f10x_rcc.o(i.RCC_RTCCLKConfig), (16 bytes).
    Removing stm32f10x_rcc.o(i.RCC_SYSCLKConfig), (24 bytes).
    Removing stm32f10x_rcc.o(i.RCC_USBCLKConfig), (12 bytes).
    Removing stm32f10x_rcc.o(i.RCC_WaitForHSEStartUp), (56 bytes).
    Removing stm32f10x_usart.o(i.USART_ClearFlag), (18 bytes).
    Removing stm32f10x_usart.o(i.USART_ClearITPendingBit), (30 bytes).
    Removing stm32f10x_usart.o(i.USART_ClockInit), (34 bytes).
    Removing stm32f10x_usart.o(i.USART_ClockStructInit), (12 bytes).
    Removing stm32f10x_usart.o(i.USART_DMACmd), (18 bytes).
    Removing stm32f10x_usart.o(i.USART_DeInit), (156 bytes).
    Removing stm32f10x_usart.o(i.USART_GetFlagStatus), (26 bytes).
    Removing stm32f10x_usart.o(i.USART_HalfDuplexCmd), (24 bytes).
    Removing stm32f10x_usart.o(i.USART_IrDACmd), (24 bytes).
    Removing stm32f10x_usart.o(i.USART_IrDAConfig), (18 bytes).
    Removing stm32f10x_usart.o(i.USART_LINBreakDetectLengthConfig), (18 bytes).
    Removing stm32f10x_usart.o(i.USART_LINCmd), (24 bytes).
    Removing stm32f10x_usart.o(i.USART_OneBitMethodCmd), (24 bytes).
    Removing stm32f10x_usart.o(i.USART_OverSampling8Cmd), (22 bytes).
    Removing stm32f10x_usart.o(i.USART_ReceiverWakeUpCmd), (24 bytes).
    Removing stm32f10x_usart.o(i.USART_SendBreak), (10 bytes).
    Removing stm32f10x_usart.o(i.USART_SendData), (8 bytes).
    Removing stm32f10x_usart.o(i.USART_SetAddress), (18 bytes).
    Removing stm32f10x_usart.o(i.USART_SetGuardTime), (16 bytes).
    Removing stm32f10x_usart.o(i.USART_SetPrescaler), (16 bytes).
    Removing stm32f10x_usart.o(i.USART_SmartCardCmd), (24 bytes).
    Removing stm32f10x_usart.o(i.USART_SmartCardNACKCmd), (24 bytes).
    Removing stm32f10x_usart.o(i.USART_StructInit), (24 bytes).
    Removing stm32f10x_usart.o(i.USART_WakeUpConfig), (18 bytes).
    Removing stm32f10x_tim.o(i.TI1_Config), (128 bytes).
    Removing stm32f10x_tim.o(i.TI2_Config), (152 bytes).
    Removing stm32f10x_tim.o(i.TI3_Config), (144 bytes).
    Removing stm32f10x_tim.o(i.TI4_Config), (152 bytes).
    Removing stm32f10x_tim.o(i.TIM_ARRPreloadConfig), (24 bytes).
    Removing stm32f10x_tim.o(i.TIM_BDTRConfig), (32 bytes).
    Removing stm32f10x_tim.o(i.TIM_BDTRStructInit), (18 bytes).
    Removing stm32f10x_tim.o(i.TIM_CCPreloadControl), (24 bytes).
    Removing stm32f10x_tim.o(i.TIM_CCxCmd), (30 bytes).
    Removing stm32f10x_tim.o(i.TIM_CCxNCmd), (30 bytes).
    Removing stm32f10x_tim.o(i.TIM_ClearFlag), (6 bytes).
    Removing stm32f10x_tim.o(i.TIM_ClearOC1Ref), (18 bytes).
    Removing stm32f10x_tim.o(i.TIM_ClearOC2Ref), (24 bytes).
    Removing stm32f10x_tim.o(i.TIM_ClearOC3Ref), (18 bytes).
    Removing stm32f10x_tim.o(i.TIM_ClearOC4Ref), (24 bytes).
    Removing stm32f10x_tim.o(i.TIM_CounterModeConfig), (18 bytes).
    Removing stm32f10x_tim.o(i.TIM_CtrlPWMOutputs), (30 bytes).
    Removing stm32f10x_tim.o(i.TIM_DMACmd), (18 bytes).
    Removing stm32f10x_tim.o(i.TIM_DMAConfig), (10 bytes).
    Removing stm32f10x_tim.o(i.TIM_DeInit), (488 bytes).
    Removing stm32f10x_tim.o(i.TIM_ETRClockMode1Config), (54 bytes).
    Removing stm32f10x_tim.o(i.TIM_ETRClockMode2Config), (32 bytes).
    Removing stm32f10x_tim.o(i.TIM_ETRConfig), (28 bytes).
    Removing stm32f10x_tim.o(i.TIM_EncoderInterfaceConfig), (66 bytes).
    Removing stm32f10x_tim.o(i.TIM_ForcedOC1Config), (18 bytes).
    Removing stm32f10x_tim.o(i.TIM_ForcedOC2Config), (26 bytes).
    Removing stm32f10x_tim.o(i.TIM_ForcedOC3Config), (18 bytes).
    Removing stm32f10x_tim.o(i.TIM_ForcedOC4Config), (26 bytes).
    Removing stm32f10x_tim.o(i.TIM_GenerateEvent), (4 bytes).
    Removing stm32f10x_tim.o(i.TIM_GetCapture1), (6 bytes).
    Removing stm32f10x_tim.o(i.TIM_GetCapture2), (6 bytes).
    Removing stm32f10x_tim.o(i.TIM_GetCapture3), (6 bytes).
    Removing stm32f10x_tim.o(i.TIM_GetCapture4), (8 bytes).
    Removing stm32f10x_tim.o(i.TIM_GetCounter), (6 bytes).
    Removing stm32f10x_tim.o(i.TIM_GetFlagStatus), (18 bytes).
    Removing stm32f10x_tim.o(i.TIM_GetPrescaler), (6 bytes).
    Removing stm32f10x_tim.o(i.TIM_ICInit), (172 bytes).
    Removing stm32f10x_tim.o(i.TIM_ICStructInit), (18 bytes).
    Removing stm32f10x_tim.o(i.TIM_ITRxExternalClockConfig), (24 bytes).
    Removing stm32f10x_tim.o(i.TIM_InternalClockConfig), (12 bytes).
    Removing stm32f10x_tim.o(i.TIM_OC1FastConfig), (18 bytes).
    Removing stm32f10x_tim.o(i.TIM_OC1Init), (152 bytes).
    Removing stm32f10x_tim.o(i.TIM_OC1NPolarityConfig), (18 bytes).
    Removing stm32f10x_tim.o(i.TIM_OC1PolarityConfig), (18 bytes).
    Removing stm32f10x_tim.o(i.TIM_OC1PreloadConfig), (18 bytes).
    Removing stm32f10x_tim.o(i.TIM_OC2FastConfig), (26 bytes).
    Removing stm32f10x_tim.o(i.TIM_OC2Init), (164 bytes).
    Removing stm32f10x_tim.o(i.TIM_OC2NPolarityConfig), (26 bytes).
    Removing stm32f10x_tim.o(i.TIM_OC2PolarityConfig), (26 bytes).
    Removing stm32f10x_tim.o(i.TIM_OC2PreloadConfig), (26 bytes).
    Removing stm32f10x_tim.o(i.TIM_OC3FastConfig), (18 bytes).
    Removing stm32f10x_tim.o(i.TIM_OC3Init), (160 bytes).
    Removing stm32f10x_tim.o(i.TIM_OC3NPolarityConfig), (26 bytes).
    Removing stm32f10x_tim.o(i.TIM_OC3PolarityConfig), (26 bytes).
    Removing stm32f10x_tim.o(i.TIM_OC3PreloadConfig), (18 bytes).
    Removing stm32f10x_tim.o(i.TIM_OC4FastConfig), (26 bytes).
    Removing stm32f10x_tim.o(i.TIM_OC4Init), (124 bytes).
    Removing stm32f10x_tim.o(i.TIM_OC4PolarityConfig), (26 bytes).
    Removing stm32f10x_tim.o(i.TIM_OC4PreloadConfig), (26 bytes).
    Removing stm32f10x_tim.o(i.TIM_OCStructInit), (20 bytes).
    Removing stm32f10x_tim.o(i.TIM_PWMIConfig), (124 bytes).
    Removing stm32f10x_tim.o(i.TIM_PrescalerConfig), (6 bytes).
    Removing stm32f10x_tim.o(i.TIM_SelectCCDMA), (24 bytes).
    Removing stm32f10x_tim.o(i.TIM_SelectCOM), (24 bytes).
    Removing stm32f10x_tim.o(i.TIM_SelectHallSensor), (24 bytes).
    Removing stm32f10x_tim.o(i.TIM_SelectInputTrigger), (18 bytes).
    Removing stm32f10x_tim.o(i.TIM_SelectMasterSlaveMode), (18 bytes).
    Removing stm32f10x_tim.o(i.TIM_SelectOCxM), (82 bytes).
    Removing stm32f10x_tim.o(i.TIM_SelectOnePulseMode), (18 bytes).
    Removing stm32f10x_tim.o(i.TIM_SelectOutputTrigger), (18 bytes).
    Removing stm32f10x_tim.o(i.TIM_SelectSlaveMode), (18 bytes).
    Removing stm32f10x_tim.o(i.TIM_SetAutoreload), (4 bytes).
    Removing stm32f10x_tim.o(i.TIM_SetClockDivision), (18 bytes).
    Removing stm32f10x_tim.o(i.TIM_SetCompare1), (4 bytes).
    Removing stm32f10x_tim.o(i.TIM_SetCompare2), (4 bytes).
    Removing stm32f10x_tim.o(i.TIM_SetCompare3), (4 bytes).
    Removing stm32f10x_tim.o(i.TIM_SetCompare4), (6 bytes).
    Removing stm32f10x_tim.o(i.TIM_SetCounter), (4 bytes).
    Removing stm32f10x_tim.o(i.TIM_SetIC1Prescaler), (18 bytes).
    Removing stm32f10x_tim.o(i.TIM_SetIC2Prescaler), (26 bytes).
    Removing stm32f10x_tim.o(i.TIM_SetIC3Prescaler), (18 bytes).
    Removing stm32f10x_tim.o(i.TIM_SetIC4Prescaler), (26 bytes).
    Removing stm32f10x_tim.o(i.TIM_TIxExternalClockConfig), (62 bytes).
    Removing stm32f10x_tim.o(i.TIM_TimeBaseStructInit), (18 bytes).
    Removing stm32f10x_tim.o(i.TIM_UpdateDisableConfig), (24 bytes).
    Removing stm32f10x_tim.o(i.TIM_UpdateRequestConfig), (24 bytes).
    Removing event_groups.o(i.prvTestWaitCondition), (30 bytes).
    Removing event_groups.o(i.uxEventGroupGetNumber), (14 bytes).
    Removing event_groups.o(i.vEventGroupClearBitsCallback), (16 bytes).
    Removing event_groups.o(i.vEventGroupDelete), (116 bytes).
    Removing event_groups.o(i.vEventGroupSetBitsCallback), (16 bytes).
    Removing event_groups.o(i.xEventGroupClearBits), (116 bytes).
    Removing event_groups.o(i.xEventGroupClearBitsFromISR), (28 bytes).
    Removing event_groups.o(i.xEventGroupCreate), (26 bytes).
    Removing event_groups.o(i.xEventGroupGetBitsFromISR), (44 bytes).
    Removing event_groups.o(i.xEventGroupSetBits), (232 bytes).
    Removing event_groups.o(i.xEventGroupSetBitsFromISR), (36 bytes).
    Removing event_groups.o(i.xEventGroupSync), (276 bytes).
    Removing event_groups.o(i.xEventGroupWaitBits), (344 bytes).
    Removing queue.o(i.pcQueueGetName), (44 bytes).
    Removing queue.o(i.prvInitialiseMutex), (28 bytes).
    Removing queue.o(i.ucQueueGetQueueType), (8 bytes).
    Removing queue.o(i.uxQueueGetQueueNumber), (6 bytes).
    Removing queue.o(i.uxQueueMessagesWaiting), (68 bytes).
    Removing queue.o(i.uxQueueMessagesWaitingFromISR), (60 bytes).
    Removing queue.o(i.uxQueueSpacesAvailable), (76 bytes).
    Removing queue.o(i.vQueueDelete), (72 bytes).
    Removing queue.o(i.vQueueSetQueueNumber), (4 bytes).
    Removing queue.o(i.vQueueUnregisterQueue), (48 bytes).
    Removing queue.o(i.xQueueAddToSet), (38 bytes).
    Removing queue.o(i.xQueueCreateCountingSemaphore), (108 bytes).
    Removing queue.o(i.xQueueCreateMutex), (34 bytes).
    Removing queue.o(i.xQueueCreateSet), (20 bytes).
    Removing queue.o(i.xQueueGiveFromISR), (252 bytes).
    Removing queue.o(i.xQueueGiveMutexRecursive), (100 bytes).
    Removing queue.o(i.xQueueIsQueueEmptyFromISR), (68 bytes).
    Removing queue.o(i.xQueueIsQueueFullFromISR), (72 bytes).
    Removing queue.o(i.xQueuePeekFromISR), (184 bytes).
    Removing queue.o(i.xQueueReceiveFromISR), (220 bytes).
    Removing queue.o(i.xQueueRemoveFromSet), (48 bytes).
    Removing queue.o(i.xQueueSelectFromSet), (26 bytes).
    Removing queue.o(i.xQueueSelectFromSetFromISR), (22 bytes).
    Removing queue.o(i.xQueueTakeMutexRecursive), (108 bytes).
    Removing tasks.o(i.pcTaskGetName), (76 bytes).
    Removing tasks.o(i.prvTaskIsTaskSuspended), (116 bytes).
    Removing tasks.o(i.ulTaskNotifyTake), (116 bytes).
    Removing tasks.o(i.uxTaskGetNumberOfTasks), (12 bytes).
    Removing tasks.o(i.uxTaskGetTaskNumber), (14 bytes).
    Removing tasks.o(i.uxTaskPriorityGet), (36 bytes).
    Removing tasks.o(i.uxTaskPriorityGetFromISR), (68 bytes).
    Removing tasks.o(i.uxTaskResetEventItemValue), (28 bytes).
    Removing tasks.o(i.vTaskDelayUntil), (220 bytes).
    Removing tasks.o(i.vTaskDelete), (268 bytes).
    Removing tasks.o(i.vTaskEndScheduler), (36 bytes).
    Removing tasks.o(i.vTaskNotifyGiveFromISR), (256 bytes).
    Removing tasks.o(i.vTaskPlaceOnUnorderedEventList), (124 bytes).
    Removing tasks.o(i.vTaskPrioritySet), (304 bytes).
    Removing tasks.o(i.vTaskResume), (172 bytes).
    Removing tasks.o(i.vTaskSetTaskNumber), (8 bytes).
    Removing tasks.o(i.vTaskSuspend), (256 bytes).
    Removing tasks.o(i.xTaskGenericNotify), (276 bytes).
    Removing tasks.o(i.xTaskGenericNotifyFromISR), (340 bytes).
    Removing tasks.o(i.xTaskGetCurrentTaskHandle), (12 bytes).
    Removing tasks.o(i.xTaskGetTickCountFromISR), (20 bytes).
    Removing tasks.o(i.xTaskNotifyStateClear), (52 bytes).
    Removing tasks.o(i.xTaskNotifyWait), (160 bytes).
    Removing tasks.o(i.xTaskRemoveFromUnorderedEventList), (192 bytes).
    Removing tasks.o(i.xTaskResumeFromISR), (204 bytes).
    Removing timers.o(i.pcTimerGetName), (64 bytes).
    Removing timers.o(i.prvInitialiseNewTimer), (108 bytes).
    Removing timers.o(i.pvTimerGetTimerID), (76 bytes).
    Removing timers.o(i.vTimerSetTimerID), (76 bytes).
    Removing timers.o(i.xTimerCreate), (48 bytes).
    Removing timers.o(i.xTimerGetExpiryTime), (68 bytes).
    Removing timers.o(i.xTimerGetPeriod), (64 bytes).
    Removing timers.o(i.xTimerGetTimerDaemonTaskHandle), (80 bytes).
    Removing timers.o(i.xTimerIsTimerActive), (88 bytes).
    Removing timers.o(i.xTimerPendFunctionCall), (112 bytes).
    Removing timers.o(i.xTimerPendFunctionCallFromISR), (52 bytes).
    Removing port.o(i.vPortEndScheduler), (100 bytes).
    Removing heap_4.o(i.vPortInitialiseBlocks), (2 bytes).
    Removing heap_4.o(i.xPortGetFreeHeapSize), (12 bytes).
    Removing heap_4.o(i.xPortGetMinimumEverFreeHeapSize), (12 bytes).
    Removing malloc.o(i.mem_free), (72 bytes).
    Removing malloc.o(i.mem_init), (44 bytes).
    Removing malloc.o(i.mem_malloc), (120 bytes).
    Removing malloc.o(i.mem_perused), (48 bytes).
    Removing malloc.o(i.myfree), (28 bytes).
    Removing malloc.o(i.mymalloc), (32 bytes).
    Removing malloc.o(i.mymemcpy), (26 bytes).
    Removing malloc.o(i.mymemset), (20 bytes).
    Removing malloc.o(i.myrealloc), (56 bytes).
    Removing malloc.o(.bss), (10880 bytes).
    Removing malloc.o(.constdata), (12 bytes).
    Removing malloc.o(.data), (20 bytes).
    Removing dadd.o(.text), (334 bytes).
    Removing dmul.o(.text), (228 bytes).
    Removing ddiv.o(.text), (222 bytes).
    Removing dfixul.o(.text), (48 bytes).
    Removing cdrcmple.o(.text), (48 bytes).
    Removing depilogue.o(.text), (186 bytes).

266 unused section(s) (total 26322 bytes) removed from the image.

==============================================================================

Image Symbol Table

    Local Symbols

    Symbol Name                              Value     Ov Type        Size  Object(Section)

    ../clib/microlib/division.c              0x00000000   Number         0  uldiv.o ABSOLUTE
    ../clib/microlib/division.c              0x00000000   Number         0  uidiv.o ABSOLUTE
    ../clib/microlib/init/entry.s            0x00000000   Number         0  entry2.o ABSOLUTE
    ../clib/microlib/init/entry.s            0x00000000   Number         0  entry11b.o ABSOLUTE
    ../clib/microlib/init/entry.s            0x00000000   Number         0  entry12b.o ABSOLUTE
    ../clib/microlib/init/entry.s            0x00000000   Number         0  entry7a.o ABSOLUTE
    ../clib/microlib/init/entry.s            0x00000000   Number         0  entry12a.o ABSOLUTE
    ../clib/microlib/init/entry.s            0x00000000   Number         0  entry.o ABSOLUTE
    ../clib/microlib/init/entry.s            0x00000000   Number         0  entry7b.o ABSOLUTE
    ../clib/microlib/init/entry.s            0x00000000   Number         0  entry8a.o ABSOLUTE
    ../clib/microlib/init/entry.s            0x00000000   Number         0  entry5.o ABSOLUTE
    ../clib/microlib/init/entry.s            0x00000000   Number         0  entry11a.o ABSOLUTE
    ../clib/microlib/init/entry.s            0x00000000   Number         0  entry8b.o ABSOLUTE
    ../clib/microlib/init/entry.s            0x00000000   Number         0  entry10b.o ABSOLUTE
    ../clib/microlib/init/entry.s            0x00000000   Number         0  entry10a.o ABSOLUTE
    ../clib/microlib/init/entry.s            0x00000000   Number         0  entry9b.o ABSOLUTE
    ../clib/microlib/init/entry.s            0x00000000   Number         0  entry9a.o ABSOLUTE
    ../clib/microlib/longlong.c              0x00000000   Number         0  llshl.o ABSOLUTE
    ../clib/microlib/longlong.c              0x00000000   Number         0  llushr.o ABSOLUTE
    ../clib/microlib/longlong.c              0x00000000   Number         0  llsshr.o ABSOLUTE
    ../clib/microlib/printf/printf.c         0x00000000   Number         0  printf8.o ABSOLUTE
    ../clib/microlib/printf/printf.c         0x00000000   Number         0  printfa.o ABSOLUTE
    ../clib/microlib/printf/printf.c         0x00000000   Number         0  printf3.o ABSOLUTE
    ../clib/microlib/printf/printf.c         0x00000000   Number         0  printfb.o ABSOLUTE
    ../clib/microlib/printf/printf.c         0x00000000   Number         0  printf0.o ABSOLUTE
    ../clib/microlib/printf/printf.c         0x00000000   Number         0  printf1.o ABSOLUTE
    ../clib/microlib/printf/printf.c         0x00000000   Number         0  printf2.o ABSOLUTE
    ../clib/microlib/printf/printf.c         0x00000000   Number         0  printf4.o ABSOLUTE
    ../clib/microlib/printf/printf.c         0x00000000   Number         0  printf5.o ABSOLUTE
    ../clib/microlib/printf/printf.c         0x00000000   Number         0  printf6.o ABSOLUTE
    ../clib/microlib/printf/printf.c         0x00000000   Number         0  printf7.o ABSOLUTE
    ../clib/microlib/printf/stubs.s          0x00000000   Number         0  stubs.o ABSOLUTE
    ../clib/microlib/string/memcpy.c         0x00000000   Number         0  memcpya.o ABSOLUTE
    ../clib/microlib/string/memcpy.c         0x00000000   Number         0  memcpyb.o ABSOLUTE
    ../clib/microlib/string/memset.c         0x00000000   Number         0  memseta.o ABSOLUTE
    ../clib/microlib/string/strcpy.c         0x00000000   Number         0  strcpy.o ABSOLUTE
    ../clib/microlib/string/strlen.c         0x00000000   Number         0  strlen.o ABSOLUTE
    ../clib/microlib/stubs.s                 0x00000000   Number         0  iusefp.o ABSOLUTE
    ../clib/microlib/stubs.s                 0x00000000   Number         0  useno.o ABSOLUTE
    ../fplib/microlib/fpadd.c                0x00000000   Number         0  dadd.o ABSOLUTE
    ../fplib/microlib/fpdiv.c                0x00000000   Number         0  ddiv.o ABSOLUTE
    ../fplib/microlib/fpepilogue.c           0x00000000   Number         0  depilogue.o ABSOLUTE
    ../fplib/microlib/fpfix.c                0x00000000   Number         0  dfixul.o ABSOLUTE
    ../fplib/microlib/fpmul.c                0x00000000   Number         0  dmul.o ABSOLUTE
    ..\CORE\core_cm3.c                       0x00000000   Number         0  core_cm3.o ABSOLUTE
    ..\CORE\startup_stm32f10x_md.s           0x00000000   Number         0  startup_stm32f10x_md.o ABSOLUTE
    ..\FreeRTOS\croutine.c                   0x00000000   Number         0  croutine.o ABSOLUTE
    ..\FreeRTOS\event_groups.c               0x00000000   Number         0  event_groups.o ABSOLUTE
    ..\FreeRTOS\list.c                       0x00000000   Number         0  list.o ABSOLUTE
    ..\FreeRTOS\portable\MemMang\heap_4.c    0x00000000   Number         0  heap_4.o ABSOLUTE
    ..\FreeRTOS\portable\RVDS\ARM_CM3\port.c 0x00000000   Number         0  port.o ABSOLUTE
    ..\FreeRTOS\queue.c                      0x00000000   Number         0  queue.o ABSOLUTE
    ..\FreeRTOS\tasks.c                      0x00000000   Number         0  tasks.o ABSOLUTE
    ..\FreeRTOS\timers.c                     0x00000000   Number         0  timers.o ABSOLUTE
    ..\HARDWARE\BSP\Bsp.c                    0x00000000   Number         0  bsp.o ABSOLUTE
    ..\HARDWARE\LED\led.c                    0x00000000   Number         0  led.o ABSOLUTE
    ..\HARDWARE\TIM_INIT\timme.c             0x00000000   Number         0  timme.o ABSOLUTE
    ..\MALLOC\malloc.c                       0x00000000   Number         0  malloc.o ABSOLUTE
    ..\STM32F10x_FWLib\src\misc.c            0x00000000   Number         0  misc.o ABSOLUTE
    ..\STM32F10x_FWLib\src\stm32f10x_dbgmcu.c 0x00000000   Number         0  stm32f10x_dbgmcu.o ABSOLUTE
    ..\STM32F10x_FWLib\src\stm32f10x_gpio.c  0x00000000   Number         0  stm32f10x_gpio.o ABSOLUTE
    ..\STM32F10x_FWLib\src\stm32f10x_rcc.c   0x00000000   Number         0  stm32f10x_rcc.o ABSOLUTE
    ..\STM32F10x_FWLib\src\stm32f10x_tim.c   0x00000000   Number         0  stm32f10x_tim.o ABSOLUTE
    ..\STM32F10x_FWLib\src\stm32f10x_usart.c 0x00000000   Number         0  stm32f10x_usart.o ABSOLUTE
    ..\SYSTEM\delay\delay.c                  0x00000000   Number         0  delay.o ABSOLUTE
    ..\SYSTEM\sys\sys.c                      0x00000000   Number         0  sys.o ABSOLUTE
    ..\SYSTEM\usart\usart.c                  0x00000000   Number         0  usart.o ABSOLUTE
    ..\\CORE\\core_cm3.c                     0x00000000   Number         0  core_cm3.o ABSOLUTE
    ..\\FreeRTOS\\portable\\RVDS\\ARM_CM3\\port.c 0x00000000   Number         0  port.o ABSOLUTE
    ..\\SYSTEM\\sys\\sys.c                   0x00000000   Number         0  sys.o ABSOLUTE
    cdrcmple.s                               0x00000000   Number         0  cdrcmple.o ABSOLUTE
    dc.s                                     0x00000000   Number         0  dc.o ABSOLUTE
    handlers.s                               0x00000000   Number         0  handlers.o ABSOLUTE
    init.s                                   0x00000000   Number         0  init.o ABSOLUTE
    main.c                                   0x00000000   Number         0  main.o ABSOLUTE
    stm32f10x_it.c                           0x00000000   Number         0  stm32f10x_it.o ABSOLUTE
    system_stm32f10x.c                       0x00000000   Number         0  system_stm32f10x.o ABSOLUTE
    RESET                                    0x08000000   Section      236  startup_stm32f10x_md.o(RESET)
    .ARM.Collect$$$$00000000                 0x080000ec   Section        0  entry.o(.ARM.Collect$$$$00000000)
    .ARM.Collect$$$$00000001                 0x080000ec   Section        4  entry2.o(.ARM.Collect$$$$00000001)
    .ARM.Collect$$$$00000004                 0x080000f0   Section        4  entry5.o(.ARM.Collect$$$$00000004)
    .ARM.Collect$$$$00000008                 0x080000f4   Section        0  entry7b.o(.ARM.Collect$$$$00000008)
    .ARM.Collect$$$$0000000A                 0x080000f4   Section        0  entry8b.o(.ARM.Collect$$$$0000000A)
    .ARM.Collect$$$$0000000B                 0x080000f4   Section        8  entry9a.o(.ARM.Collect$$$$0000000B)
    .ARM.Collect$$$$0000000E                 0x080000fc   Section        4  entry12b.o(.ARM.Collect$$$$0000000E)
    .ARM.Collect$$$$0000000F                 0x08000100   Section        0  entry10a.o(.ARM.Collect$$$$0000000F)
    .ARM.Collect$$$$00000011                 0x08000100   Section        0  entry11a.o(.ARM.Collect$$$$00000011)
    .ARM.Collect$$$$00002712                 0x08000100   Section        4  entry2.o(.ARM.Collect$$$$00002712)
    __lit__00000000                          0x08000100   Data           4  entry2.o(.ARM.Collect$$$$00002712)
    .emb_text                                0x08000104   Section      150  port.o(.emb_text)
    .text                                    0x0800019c   Section       36  startup_stm32f10x_md.o(.text)
    .text                                    0x080001c0   Section        0  memcpya.o(.text)
    .text                                    0x080001e4   Section        0  memseta.o(.text)
    .text                                    0x08000208   Section        0  strlen.o(.text)
    .text                                    0x08000216   Section        0  strcpy.o(.text)
    .text                                    0x08000228   Section        0  uidiv.o(.text)
    .text                                    0x08000254   Section       36  init.o(.text)
    i.AppObjCreate                           0x08000278   Section        0  main.o(i.AppObjCreate)
    AppObjCreate                             0x08000279   Thumb Code     2  main.o(i.AppObjCreate)
    i.AppTaskCreate                          0x0800027c   Section        0  main.o(i.AppTaskCreate)
    AppTaskCreate                            0x0800027d   Thumb Code    94  main.o(i.AppTaskCreate)
    i.BusFault_Handler                       0x0800032c   Section        0  stm32f10x_it.o(i.BusFault_Handler)
    i.CPU_task                               0x08000330   Section        0  main.o(i.CPU_task)
    i.DebugMon_Handler                       0x080003fc   Section        0  stm32f10x_it.o(i.DebugMon_Handler)
    i.GPIO_Init                              0x080003fe   Section        0  stm32f10x_gpio.o(i.GPIO_Init)
    i.GPIO_SetBits                           0x08000514   Section        0  stm32f10x_gpio.o(i.GPIO_SetBits)
    i.HardFault_Handler                      0x08000518   Section        0  stm32f10x_it.o(i.HardFault_Handler)
    i.KEY_task                               0x0800051c   Section        0  main.o(i.KEY_task)
    i.LED_Init                               0x08000528   Section        0  led.o(i.LED_Init)
    i.MemManage_Handler                      0x08000560   Section        0  stm32f10x_it.o(i.MemManage_Handler)
    i.NMI_Handler                            0x08000564   Section        0  stm32f10x_it.o(i.NMI_Handler)
    i.NVIC_Init                              0x08000568   Section        0  misc.o(i.NVIC_Init)
    i.NVIC_PriorityGroupConfig               0x080005d8   Section        0  misc.o(i.NVIC_PriorityGroupConfig)
    i.OLED_task                              0x080005ec   Section        0  main.o(i.OLED_task)
    i.RCC_APB1PeriphClockCmd                 0x080005f8   Section        0  stm32f10x_rcc.o(i.RCC_APB1PeriphClockCmd)
    i.RCC_APB2PeriphClockCmd                 0x08000618   Section        0  stm32f10x_rcc.o(i.RCC_APB2PeriphClockCmd)
    i.RCC_GetClocksFreq                      0x08000638   Section        0  stm32f10x_rcc.o(i.RCC_GetClocksFreq)
    i.SetSysClock                            0x0800070c   Section        0  system_stm32f10x.o(i.SetSysClock)
    SetSysClock                              0x0800070d   Thumb Code     8  system_stm32f10x.o(i.SetSysClock)
    i.SetSysClockTo72                        0x08000714   Section        0  system_stm32f10x.o(i.SetSysClockTo72)
    SetSysClockTo72                          0x08000715   Thumb Code   214  system_stm32f10x.o(i.SetSysClockTo72)
    i.SysTick_CLKSourceConfig                0x080007f4   Section        0  misc.o(i.SysTick_CLKSourceConfig)
    i.SysTick_Handler                        0x0800081c   Section        0  delay.o(i.SysTick_Handler)
    i.SystemInit                             0x0800082c   Section        0  system_stm32f10x.o(i.SystemInit)
    i.TIM2_IRQHandler                        0x0800088c   Section        0  timme.o(i.TIM2_IRQHandler)
    i.TIM3_IRQHandler                        0x080008a4   Section        0  timme.o(i.TIM3_IRQHandler)
    i.TIM3_Int_Init                          0x080008d0   Section        0  timme.o(i.TIM3_Int_Init)
    i.TIM_ClearITPendingBit                  0x08000930   Section        0  stm32f10x_tim.o(i.TIM_ClearITPendingBit)
    i.TIM_Cmd                                0x08000936   Section        0  stm32f10x_tim.o(i.TIM_Cmd)
    i.TIM_GetITStatus                        0x0800094e   Section        0  stm32f10x_tim.o(i.TIM_GetITStatus)
    i.TIM_ITConfig                           0x08000970   Section        0  stm32f10x_tim.o(i.TIM_ITConfig)
    i.TIM_TimeBaseInit                       0x08000984   Section        0  stm32f10x_tim.o(i.TIM_TimeBaseInit)
    i.Timer2_Init                            0x08000a28   Section        0  timme.o(i.Timer2_Init)
    i.USART1_IRQHandler                      0x08000a84   Section        0  usart.o(i.USART1_IRQHandler)
    i.USART_Cmd                              0x08000b0c   Section        0  stm32f10x_usart.o(i.USART_Cmd)
    i.USART_GetITStatus                      0x08000b24   Section        0  stm32f10x_usart.o(i.USART_GetITStatus)
    i.USART_ITConfig                         0x08000b78   Section        0  stm32f10x_usart.o(i.USART_ITConfig)
    i.USART_Init                             0x08000bc4   Section        0  stm32f10x_usart.o(i.USART_Init)
    i.USART_ReceiveData                      0x08000c9c   Section        0  stm32f10x_usart.o(i.USART_ReceiveData)
    i.UsageFault_Handler                     0x08000ca6   Section        0  stm32f10x_it.o(i.UsageFault_Handler)
    i.__0printf$3                            0x08000cac   Section        0  printf3.o(i.__0printf$3)
    i.__0sprintf$3                           0x08000ccc   Section        0  printf3.o(i.__0sprintf$3)
    i.__scatterload_copy                     0x08000cf4   Section       14  handlers.o(i.__scatterload_copy)
    i.__scatterload_null                     0x08000d02   Section        2  handlers.o(i.__scatterload_null)
    i.__scatterload_zeroinit                 0x08000d04   Section       14  handlers.o(i.__scatterload_zeroinit)
    i._printf_core                           0x08000d14   Section        0  printf3.o(i._printf_core)
    _printf_core                             0x08000d15   Thumb Code   436  printf3.o(i._printf_core)
    i._sputc                                 0x08000ecc   Section        0  printf3.o(i._sputc)
    _sputc                                   0x08000ecd   Thumb Code    10  printf3.o(i._sputc)
    i.bsp_Init                               0x08000ed6   Section        0  bsp.o(i.bsp_Init)
    i.delay_init                             0x08000f08   Section        0  delay.o(i.delay_init)
    i.eTaskGetState                          0x08000f64   Section        0  tasks.o(i.eTaskGetState)
    i.fputc                                  0x08001004   Section        0  usart.o(i.fputc)
    i.led0_task                              0x08001020   Section        0  main.o(i.led0_task)
    i.main                                   0x08001040   Section        0  main.o(i.main)
    i.prvAddCurrentTaskToDelayedList         0x0800105c   Section        0  tasks.o(i.prvAddCurrentTaskToDelayedList)
    prvAddCurrentTaskToDelayedList           0x0800105d   Thumb Code   124  tasks.o(i.prvAddCurrentTaskToDelayedList)
    i.prvAddNewTaskToReadyList               0x080010f4   Section        0  tasks.o(i.prvAddNewTaskToReadyList)
    prvAddNewTaskToReadyList                 0x080010f5   Thumb Code   156  tasks.o(i.prvAddNewTaskToReadyList)
    i.prvCheckForValidListAndQueue           0x080011ac   Section        0  timers.o(i.prvCheckForValidListAndQueue)
    prvCheckForValidListAndQueue             0x080011ad   Thumb Code    72  timers.o(i.prvCheckForValidListAndQueue)
    i.prvCheckTasksWaitingTermination        0x08001210   Section        0  tasks.o(i.prvCheckTasksWaitingTermination)
    prvCheckTasksWaitingTermination          0x08001211   Thumb Code    86  tasks.o(i.prvCheckTasksWaitingTermination)
    i.prvCopyDataFromQueue                   0x08001274   Section        0  queue.o(i.prvCopyDataFromQueue)
    prvCopyDataFromQueue                     0x08001275   Thumb Code    42  queue.o(i.prvCopyDataFromQueue)
    i.prvCopyDataToQueue                     0x0800129e   Section        0  queue.o(i.prvCopyDataToQueue)
    prvCopyDataToQueue                       0x0800129f   Thumb Code   124  queue.o(i.prvCopyDataToQueue)
    i.prvDeleteTCB                           0x0800131a   Section        0  tasks.o(i.prvDeleteTCB)
    prvDeleteTCB                             0x0800131b   Thumb Code    18  tasks.o(i.prvDeleteTCB)
    i.prvGetNextExpireTime                   0x0800132c   Section        0  timers.o(i.prvGetNextExpireTime)
    prvGetNextExpireTime                     0x0800132d   Thumb Code    36  timers.o(i.prvGetNextExpireTime)
    i.prvHeapInit                            0x08001354   Section        0  heap_4.o(i.prvHeapInit)
    prvHeapInit                              0x08001355   Thumb Code    98  heap_4.o(i.prvHeapInit)
    i.prvIdleTask                            0x080013d0   Section        0  tasks.o(i.prvIdleTask)
    prvIdleTask                              0x080013d1   Thumb Code    32  tasks.o(i.prvIdleTask)
    i.prvInitialiseNewQueue                  0x080013f8   Section        0  queue.o(i.prvInitialiseNewQueue)
    prvInitialiseNewQueue                    0x080013f9   Thumb Code    46  queue.o(i.prvInitialiseNewQueue)
    i.prvInitialiseNewTask                   0x08001428   Section        0  tasks.o(i.prvInitialiseNewTask)
    prvInitialiseNewTask                     0x08001429   Thumb Code   172  tasks.o(i.prvInitialiseNewTask)
    i.prvInitialiseTaskLists                 0x080014f8   Section        0  tasks.o(i.prvInitialiseTaskLists)
    prvInitialiseTaskLists                   0x080014f9   Thumb Code    70  tasks.o(i.prvInitialiseTaskLists)
    i.prvInsertBlockIntoFreeList             0x08001560   Section        0  heap_4.o(i.prvInsertBlockIntoFreeList)
    prvInsertBlockIntoFreeList               0x08001561   Thumb Code    96  heap_4.o(i.prvInsertBlockIntoFreeList)
    i.prvInsertTimerInActiveList             0x080015c8   Section        0  timers.o(i.prvInsertTimerInActiveList)
    prvInsertTimerInActiveList               0x080015c9   Thumb Code    80  timers.o(i.prvInsertTimerInActiveList)
    i.prvIsQueueEmpty                        0x08001620   Section        0  queue.o(i.prvIsQueueEmpty)
    prvIsQueueEmpty                          0x08001621   Thumb Code    26  queue.o(i.prvIsQueueEmpty)
    i.prvIsQueueFull                         0x0800163a   Section        0  queue.o(i.prvIsQueueFull)
    prvIsQueueFull                           0x0800163b   Thumb Code    30  queue.o(i.prvIsQueueFull)
    i.prvListTasksWithinSingleList           0x08001658   Section        0  tasks.o(i.prvListTasksWithinSingleList)
    prvListTasksWithinSingleList             0x08001659   Thumb Code   106  tasks.o(i.prvListTasksWithinSingleList)
    i.prvNotifyQueueSetContainer             0x080016c4   Section        0  queue.o(i.prvNotifyQueueSetContainer)
    prvNotifyQueueSetContainer               0x080016c5   Thumb Code   124  queue.o(i.prvNotifyQueueSetContainer)
    i.prvProcessExpiredTimer                 0x08001764   Section        0  timers.o(i.prvProcessExpiredTimer)
    prvProcessExpiredTimer                   0x08001765   Thumb Code    84  timers.o(i.prvProcessExpiredTimer)
    i.prvProcessReceivedCommands             0x080017e4   Section        0  timers.o(i.prvProcessReceivedCommands)
    prvProcessReceivedCommands               0x080017e5   Thumb Code   254  timers.o(i.prvProcessReceivedCommands)
    i.prvProcessTimerOrBlockTask             0x08001910   Section        0  timers.o(i.prvProcessTimerOrBlockTask)
    prvProcessTimerOrBlockTask               0x08001911   Thumb Code   102  timers.o(i.prvProcessTimerOrBlockTask)
    i.prvResetNextTaskUnblockTime            0x08001984   Section        0  tasks.o(i.prvResetNextTaskUnblockTime)
    prvResetNextTaskUnblockTime              0x08001985   Thumb Code    42  tasks.o(i.prvResetNextTaskUnblockTime)
    i.prvSampleTimeNow                       0x080019b8   Section        0  timers.o(i.prvSampleTimeNow)
    prvSampleTimeNow                         0x080019b9   Thumb Code    40  timers.o(i.prvSampleTimeNow)
    i.prvSwitchTimerLists                    0x080019e4   Section        0  timers.o(i.prvSwitchTimerLists)
    prvSwitchTimerLists                      0x080019e5   Thumb Code   140  timers.o(i.prvSwitchTimerLists)
    i.prvTaskCheckFreeStackSpace             0x08001aa0   Section        0  tasks.o(i.prvTaskCheckFreeStackSpace)
    prvTaskCheckFreeStackSpace               0x08001aa1   Thumb Code    22  tasks.o(i.prvTaskCheckFreeStackSpace)
    i.prvTaskExitError                       0x08001ab8   Section        0  port.o(i.prvTaskExitError)
    prvTaskExitError                         0x08001ab9   Thumb Code    48  port.o(i.prvTaskExitError)
    i.prvTimerTask                           0x08001b28   Section        0  timers.o(i.prvTimerTask)
    prvTimerTask                             0x08001b29   Thumb Code    26  timers.o(i.prvTimerTask)
    i.prvUnlockQueue                         0x08001b42   Section        0  queue.o(i.prvUnlockQueue)
    prvUnlockQueue                           0x08001b43   Thumb Code   146  queue.o(i.prvUnlockQueue)
    i.prvWriteNameToBuffer                   0x08001bd4   Section        0  tasks.o(i.prvWriteNameToBuffer)
    prvWriteNameToBuffer                     0x08001bd5   Thumb Code    42  tasks.o(i.prvWriteNameToBuffer)
    i.pvPortMalloc                           0x08001c00   Section        0  heap_4.o(i.pvPortMalloc)
    i.pvTaskIncrementMutexHeldCount          0x08001d54   Section        0  tasks.o(i.pvTaskIncrementMutexHeldCount)
    i.pxPortInitialiseStack                  0x08001d74   Section        0  port.o(i.pxPortInitialiseStack)
    i.uart_init                              0x08001d98   Section        0  usart.o(i.uart_init)
    i.uxListRemove                           0x08001e38   Section        0  list.o(i.uxListRemove)
    i.uxTaskGetSystemState                   0x08001e60   Section        0  tasks.o(i.uxTaskGetSystemState)
    i.vListInitialise                        0x08001f18   Section        0  list.o(i.vListInitialise)
    i.vListInitialiseItem                    0x08001f32   Section        0  list.o(i.vListInitialiseItem)
    i.vListInsert                            0x08001f38   Section        0  list.o(i.vListInsert)
    i.vListInsertEnd                         0x08001f6c   Section        0  list.o(i.vListInsertEnd)
    i.vPortEnterCritical                     0x08001f84   Section        0  port.o(i.vPortEnterCritical)
    i.vPortExitCritical                      0x0800200c   Section        0  port.o(i.vPortExitCritical)
    i.vPortFree                              0x0800207c   Section        0  heap_4.o(i.vPortFree)
    i.vPortSetupTimerInterrupt               0x08002134   Section        0  port.o(i.vPortSetupTimerInterrupt)
    i.vPortValidateInterruptPriority         0x08002154   Section        0  port.o(i.vPortValidateInterruptPriority)
    i.vQueueAddToRegistry                    0x080021f4   Section        0  queue.o(i.vQueueAddToRegistry)
    i.vQueueWaitForMessageRestricted         0x08002220   Section        0  queue.o(i.vQueueWaitForMessageRestricted)
    i.vTaskDelay                             0x0800226c   Section        0  tasks.o(i.vTaskDelay)
    i.vTaskGetInfo                           0x080022e0   Section        0  tasks.o(i.vTaskGetInfo)
    i.vTaskGetRunTimeStats                   0x08002358   Section        0  tasks.o(i.vTaskGetRunTimeStats)
    i.vTaskList                              0x0800242c   Section        0  tasks.o(i.vTaskList)
    i.vTaskMissedYield                       0x0800250c   Section        0  tasks.o(i.vTaskMissedYield)
    i.vTaskPlaceOnEventList                  0x08002518   Section        0  tasks.o(i.vTaskPlaceOnEventList)
    i.vTaskPlaceOnEventListRestricted        0x0800256c   Section        0  tasks.o(i.vTaskPlaceOnEventListRestricted)
    i.vTaskPriorityInherit                   0x080025c8   Section        0  tasks.o(i.vTaskPriorityInherit)
    i.vTaskSetTimeOutState                   0x08002678   Section        0  tasks.o(i.vTaskSetTimeOutState)
    i.vTaskStartScheduler                    0x080026c4   Section        0  tasks.o(i.vTaskStartScheduler)
    i.vTaskSuspendAll                        0x08002778   Section        0  tasks.o(i.vTaskSuspendAll)
    i.vTaskSwitchContext                     0x08002788   Section        0  tasks.o(i.vTaskSwitchContext)
    i.xPortStartScheduler                    0x08002870   Section        0  port.o(i.xPortStartScheduler)
    i.xPortSysTickHandler                    0x08002910   Section        0  port.o(i.xPortSysTickHandler)
    i.xQueueGenericCreate                    0x08002944   Section        0  queue.o(i.xQueueGenericCreate)
    i.xQueueGenericReceive                   0x080029b8   Section        0  queue.o(i.xQueueGenericReceive)
    i.xQueueGenericReset                     0x08002b80   Section        0  queue.o(i.xQueueGenericReset)
    i.xQueueGenericSend                      0x08002c30   Section        0  queue.o(i.xQueueGenericSend)
    i.xQueueGenericSendFromISR               0x08002df4   Section        0  queue.o(i.xQueueGenericSendFromISR)
    i.xTaskCheckForTimeOut                   0x08002f04   Section        0  tasks.o(i.xTaskCheckForTimeOut)
    i.xTaskCreate                            0x08002fa4   Section        0  tasks.o(i.xTaskCreate)
    i.xTaskGetSchedulerState                 0x08003004   Section        0  tasks.o(i.xTaskGetSchedulerState)
    i.xTaskGetTickCount                      0x08003024   Section        0  tasks.o(i.xTaskGetTickCount)
    i.xTaskIncrementTick                     0x08003030   Section        0  tasks.o(i.xTaskIncrementTick)
    i.xTaskPriorityDisinherit                0x08003190   Section        0  tasks.o(i.xTaskPriorityDisinherit)
    i.xTaskRemoveFromEventList               0x08003268   Section        0  tasks.o(i.xTaskRemoveFromEventList)
    i.xTaskResumeAll                         0x0800331c   Section        0  tasks.o(i.xTaskResumeAll)
    i.xTimerCreateTimerTask                  0x0800343c   Section        0  timers.o(i.xTimerCreateTimerTask)
    i.xTimerGenericCommand                   0x080034b0   Section        0  timers.o(i.xTimerGenericCommand)
    .conststring                             0x08003554   Section      177  main.o(.conststring)
    .data                                    0x20000000   Section       16  main.o(.data)
    .data                                    0x20000010   Section        4  timme.o(.data)
    .data                                    0x20000014   Section        4  delay.o(.data)
    fac_us                                   0x20000014   Data           1  delay.o(.data)
    fac_ms                                   0x20000016   Data           2  delay.o(.data)
    .data                                    0x20000018   Section        6  usart.o(.data)
    .data                                    0x20000020   Section       20  system_stm32f10x.o(.data)
    .data                                    0x20000034   Section       20  stm32f10x_rcc.o(.data)
    APBAHBPrescTable                         0x20000034   Data          16  stm32f10x_rcc.o(.data)
    ADCPrescTable                            0x20000044   Data           4  stm32f10x_rcc.o(.data)
    .data                                    0x20000048   Section       68  tasks.o(.data)
    pxDelayedTaskList                        0x2000004c   Data           4  tasks.o(.data)
    pxOverflowDelayedTaskList                0x20000050   Data           4  tasks.o(.data)
    uxDeletedTasksWaitingCleanUp             0x20000054   Data           4  tasks.o(.data)
    uxCurrentNumberOfTasks                   0x20000058   Data           4  tasks.o(.data)
    xTickCount                               0x2000005c   Data           4  tasks.o(.data)
    uxTopReadyPriority                       0x20000060   Data           4  tasks.o(.data)
    xSchedulerRunning                        0x20000064   Data           4  tasks.o(.data)
    uxPendedTicks                            0x20000068   Data           4  tasks.o(.data)
    xYieldPending                            0x2000006c   Data           4  tasks.o(.data)
    xNumOfOverflows                          0x20000070   Data           4  tasks.o(.data)
    uxTaskNumber                             0x20000074   Data           4  tasks.o(.data)
    xNextTaskUnblockTime                     0x20000078   Data           4  tasks.o(.data)
    xIdleTaskHandle                          0x2000007c   Data           4  tasks.o(.data)
    uxSchedulerSuspended                     0x20000080   Data           4  tasks.o(.data)
    ulTaskSwitchedInTime                     0x20000084   Data           4  tasks.o(.data)
    ulTotalRunTime                           0x20000088   Data           4  tasks.o(.data)
    .data                                    0x2000008c   Section       20  timers.o(.data)
    pxCurrentTimerList                       0x2000008c   Data           4  timers.o(.data)
    pxOverflowTimerList                      0x20000090   Data           4  timers.o(.data)
    xTimerQueue                              0x20000094   Data           4  timers.o(.data)
    xTimerTaskHandle                         0x20000098   Data           4  timers.o(.data)
    xLastTime                                0x2000009c   Data           4  timers.o(.data)
    .data                                    0x200000a0   Section       12  port.o(.data)
    uxCriticalNesting                        0x200000a0   Data           4  port.o(.data)
    ucMaxSysCallPriority                     0x200000a4   Data           1  port.o(.data)
    ulMaxPRIGROUPValue                       0x200000a8   Data           4  port.o(.data)
    .data                                    0x200000ac   Section       24  heap_4.o(.data)
    xStart                                   0x200000ac   Data           8  heap_4.o(.data)
    pxEnd                                    0x200000b4   Data           4  heap_4.o(.data)
    xFreeBytesRemaining                      0x200000b8   Data           4  heap_4.o(.data)
    xMinimumEverFreeBytesRemaining           0x200000bc   Data           4  heap_4.o(.data)
    xBlockAllocatedBit                       0x200000c0   Data           4  heap_4.o(.data)
    .bss                                     0x200000c4   Section      200  usart.o(.bss)
    .bss                                     0x2000018c   Section       64  queue.o(.bss)
    .bss                                     0x200001cc   Section      740  tasks.o(.bss)
    pxReadyTasksLists                        0x200001cc   Data         640  tasks.o(.bss)
    xDelayedTaskList1                        0x2000044c   Data          20  tasks.o(.bss)
    xDelayedTaskList2                        0x20000460   Data          20  tasks.o(.bss)
    xPendingReadyList                        0x20000474   Data          20  tasks.o(.bss)
    xTasksWaitingTermination                 0x20000488   Data          20  tasks.o(.bss)
    xSuspendedTaskList                       0x2000049c   Data          20  tasks.o(.bss)
    .bss                                     0x200004b0   Section       40  timers.o(.bss)
    xActiveTimerList1                        0x200004b0   Data          20  timers.o(.bss)
    xActiveTimerList2                        0x200004c4   Data          20  timers.o(.bss)
    .bss                                     0x200004d8   Section     8192  heap_4.o(.bss)
    ucHeap                                   0x200004d8   Data        8192  heap_4.o(.bss)
    STACK                                    0x200024d8   Section     1024  startup_stm32f10x_md.o(STACK)

    Global Symbols

    Symbol Name                              Value     Ov Type        Size  Object(Section)

    BuildAttributes$$THM_ISAv4$P$D$K$B$S$PE$A:L22UL41UL21$X:L11$S22US41US21$IEEE1$IW$USESV6$~STKCKD$USESV7$~SHL$OSPACE$ROPI$EBA8$MICROLIB$REQ8$PRES8$EABIv2 0x00000000   Number         0  anon$$obj.o ABSOLUTE
    __ARM_use_no_argv                        0x00000000   Number         0  main.o ABSOLUTE
    __use_no_errno                           0x00000000   Number         0  useno.o ABSOLUTE
    __use_no_exception_handling              0x00000000   Number         0  useno.o ABSOLUTE
    __use_no_fp                              0x00000000   Number         0  useno.o ABSOLUTE
    __use_no_heap                            0x00000000   Number         0  useno.o ABSOLUTE
    __use_no_heap_region                     0x00000000   Number         0  useno.o ABSOLUTE
    __use_no_semihosting                     0x00000000   Number         0  useno.o ABSOLUTE
    __use_no_semihosting_swi                 0x00000000   Number         0  useno.o ABSOLUTE
    __use_no_signal_handling                 0x00000000   Number         0  useno.o ABSOLUTE
    _printf_a                                0x00000000   Number         0  stubs.o ABSOLUTE
    _printf_c                                0x00000000   Number         0  stubs.o ABSOLUTE
    _printf_charcount                        0x00000000   Number         0  stubs.o ABSOLUTE
    _printf_d                                0x00000000   Number         0  stubs.o ABSOLUTE
    _printf_e                                0x00000000   Number         0  stubs.o ABSOLUTE
    _printf_f                                0x00000000   Number         0  stubs.o ABSOLUTE
    _printf_flags                            0x00000000   Number         0  stubs.o ABSOLUTE
    _printf_fp_dec                           0x00000000   Number         0  stubs.o ABSOLUTE
    _printf_fp_hex                           0x00000000   Number         0  stubs.o ABSOLUTE
    _printf_g                                0x00000000   Number         0  stubs.o ABSOLUTE
    _printf_i                                0x00000000   Number         0  stubs.o ABSOLUTE
    _printf_int_dec                          0x00000000   Number         0  stubs.o ABSOLUTE
    _printf_l                                0x00000000   Number         0  stubs.o ABSOLUTE
    _printf_lc                               0x00000000   Number         0  stubs.o ABSOLUTE
    _printf_ll                               0x00000000   Number         0  stubs.o ABSOLUTE
    _printf_lld                              0x00000000   Number         0  stubs.o ABSOLUTE
    _printf_lli                              0x00000000   Number         0  stubs.o ABSOLUTE
    _printf_llo                              0x00000000   Number         0  stubs.o ABSOLUTE
    _printf_llu                              0x00000000   Number         0  stubs.o ABSOLUTE
    _printf_llx                              0x00000000   Number         0  stubs.o ABSOLUTE
    _printf_longlong_dec                     0x00000000   Number         0  stubs.o ABSOLUTE
    _printf_longlong_hex                     0x00000000   Number         0  stubs.o ABSOLUTE
    _printf_longlong_oct                     0x00000000   Number         0  stubs.o ABSOLUTE
    _printf_ls                               0x00000000   Number         0  stubs.o ABSOLUTE
    _printf_mbtowc                           0x00000000   Number         0  stubs.o ABSOLUTE
    _printf_n                                0x00000000   Number         0  stubs.o ABSOLUTE
    _printf_o                                0x00000000   Number         0  stubs.o ABSOLUTE
    _printf_p                                0x00000000   Number         0  stubs.o ABSOLUTE
    _printf_percent                          0x00000000   Number         0  stubs.o ABSOLUTE
    _printf_pre_padding                      0x00000000   Number         0  stubs.o ABSOLUTE
    _printf_return_value                     0x00000000   Number         0  stubs.o ABSOLUTE
    _printf_s                                0x00000000   Number         0  stubs.o ABSOLUTE
    _printf_sizespec                         0x00000000   Number         0  stubs.o ABSOLUTE
    _printf_str                              0x00000000   Number         0  stubs.o ABSOLUTE
    _printf_truncate_signed                  0x00000000   Number         0  stubs.o ABSOLUTE
    _printf_truncate_unsigned                0x00000000   Number         0  stubs.o ABSOLUTE
    _printf_u                                0x00000000   Number         0  stubs.o ABSOLUTE
    _printf_wc                               0x00000000   Number         0  stubs.o ABSOLUTE
    _printf_wctomb                           0x00000000   Number         0  stubs.o ABSOLUTE
    _printf_widthprec                        0x00000000   Number         0  stubs.o ABSOLUTE
    _printf_x                                0x00000000   Number         0  stubs.o ABSOLUTE
    __arm_fini_                               - Undefined Weak Reference
    __cpp_initialize__aeabi_                  - Undefined Weak Reference
    __cxa_finalize                            - Undefined Weak Reference
    __decompress                              - Undefined Weak Reference
    _clock_init                               - Undefined Weak Reference
    _microlib_exit                            - Undefined Weak Reference
    __Vectors_Size                           0x000000ec   Number         0  startup_stm32f10x_md.o ABSOLUTE
    __Vectors                                0x08000000   Data           4  startup_stm32f10x_md.o(RESET)
    __Vectors_End                            0x080000ec   Data           0  startup_stm32f10x_md.o(RESET)
    __main                                   0x080000ed   Thumb Code     0  entry.o(.ARM.Collect$$$$00000000)
    _main_stk                                0x080000ed   Thumb Code     0  entry2.o(.ARM.Collect$$$$00000001)
    _main_scatterload                        0x080000f1   Thumb Code     0  entry5.o(.ARM.Collect$$$$00000004)
    __main_after_scatterload                 0x080000f5   Thumb Code     0  entry5.o(.ARM.Collect$$$$00000004)
    _main_clock                              0x080000f5   Thumb Code     0  entry7b.o(.ARM.Collect$$$$00000008)
    _main_cpp_init                           0x080000f5   Thumb Code     0  entry8b.o(.ARM.Collect$$$$0000000A)
    _main_init                               0x080000f5   Thumb Code     0  entry9a.o(.ARM.Collect$$$$0000000B)
    __rt_lib_shutdown_fini                   0x080000fd   Thumb Code     0  entry12b.o(.ARM.Collect$$$$0000000E)
    __rt_final_cpp                           0x08000101   Thumb Code     0  entry10a.o(.ARM.Collect$$$$0000000F)
    __rt_final_exit                          0x08000101   Thumb Code     0  entry11a.o(.ARM.Collect$$$$00000011)
    SVC_Handler                              0x08000105   Thumb Code    32  port.o(.emb_text)
    __asm___6_port_c_39a90d8d__prvStartFirstTask 0x08000129   Thumb Code    28  port.o(.emb_text)
    PendSV_Handler                           0x08000149   Thumb Code    72  port.o(.emb_text)
    vPortGetIPSR                             0x08000195   Thumb Code     6  port.o(.emb_text)
    Reset_Handler                            0x0800019d   Thumb Code     8  startup_stm32f10x_md.o(.text)
    ADC1_2_IRQHandler                        0x080001b7   Thumb Code     0  startup_stm32f10x_md.o(.text)
    CAN1_RX1_IRQHandler                      0x080001b7   Thumb Code     0  startup_stm32f10x_md.o(.text)
    CAN1_SCE_IRQHandler                      0x080001b7   Thumb Code     0  startup_stm32f10x_md.o(.text)
    DMA1_Channel1_IRQHandler                 0x080001b7   Thumb Code     0  startup_stm32f10x_md.o(.text)
    DMA1_Channel2_IRQHandler                 0x080001b7   Thumb Code     0  startup_stm32f10x_md.o(.text)
    DMA1_Channel3_IRQHandler                 0x080001b7   Thumb Code     0  startup_stm32f10x_md.o(.text)
    DMA1_Channel4_IRQHandler                 0x080001b7   Thumb Code     0  startup_stm32f10x_md.o(.text)
    DMA1_Channel5_IRQHandler                 0x080001b7   Thumb Code     0  startup_stm32f10x_md.o(.text)
    DMA1_Channel6_IRQHandler                 0x080001b7   Thumb Code     0  startup_stm32f10x_md.o(.text)
    DMA1_Channel7_IRQHandler                 0x080001b7   Thumb Code     0  startup_stm32f10x_md.o(.text)
    EXTI0_IRQHandler                         0x080001b7   Thumb Code     0  startup_stm32f10x_md.o(.text)
    EXTI15_10_IRQHandler                     0x080001b7   Thumb Code     0  startup_stm32f10x_md.o(.text)
    EXTI1_IRQHandler                         0x080001b7   Thumb Code     0  startup_stm32f10x_md.o(.text)
    EXTI2_IRQHandler                         0x080001b7   Thumb Code     0  startup_stm32f10x_md.o(.text)
    EXTI3_IRQHandler                         0x080001b7   Thumb Code     0  startup_stm32f10x_md.o(.text)
    EXTI4_IRQHandler                         0x080001b7   Thumb Code     0  startup_stm32f10x_md.o(.text)
    EXTI9_5_IRQHandler                       0x080001b7   Thumb Code     0  startup_stm32f10x_md.o(.text)
    FLASH_IRQHandler                         0x080001b7   Thumb Code     0  startup_stm32f10x_md.o(.text)
    I2C1_ER_IRQHandler                       0x080001b7   Thumb Code     0  startup_stm32f10x_md.o(.text)
    I2C1_EV_IRQHandler                       0x080001b7   Thumb Code     0  startup_stm32f10x_md.o(.text)
    I2C2_ER_IRQHandler                       0x080001b7   Thumb Code     0  startup_stm32f10x_md.o(.text)
    I2C2_EV_IRQHandler                       0x080001b7   Thumb Code     0  startup_stm32f10x_md.o(.text)
    PVD_IRQHandler                           0x080001b7   Thumb Code     0  startup_stm32f10x_md.o(.text)
    RCC_IRQHandler                           0x080001b7   Thumb Code     0  startup_stm32f10x_md.o(.text)
    RTCAlarm_IRQHandler                      0x080001b7   Thumb Code     0  startup_stm32f10x_md.o(.text)
    RTC_IRQHandler                           0x080001b7   Thumb Code     0  startup_stm32f10x_md.o(.text)
    SPI1_IRQHandler                          0x080001b7   Thumb Code     0  startup_stm32f10x_md.o(.text)
    SPI2_IRQHandler                          0x080001b7   Thumb Code     0  startup_stm32f10x_md.o(.text)
    TAMPER_IRQHandler                        0x080001b7   Thumb Code     0  startup_stm32f10x_md.o(.text)
    TIM1_BRK_IRQHandler                      0x080001b7   Thumb Code     0  startup_stm32f10x_md.o(.text)
    TIM1_CC_IRQHandler                       0x080001b7   Thumb Code     0  startup_stm32f10x_md.o(.text)
    TIM1_TRG_COM_IRQHandler                  0x080001b7   Thumb Code     0  startup_stm32f10x_md.o(.text)
    TIM1_UP_IRQHandler                       0x080001b7   Thumb Code     0  startup_stm32f10x_md.o(.text)
    TIM4_IRQHandler                          0x080001b7   Thumb Code     0  startup_stm32f10x_md.o(.text)
    USART2_IRQHandler                        0x080001b7   Thumb Code     0  startup_stm32f10x_md.o(.text)
    USART3_IRQHandler                        0x080001b7   Thumb Code     0  startup_stm32f10x_md.o(.text)
    USBWakeUp_IRQHandler                     0x080001b7   Thumb Code     0  startup_stm32f10x_md.o(.text)
    USB_HP_CAN1_TX_IRQHandler                0x080001b7   Thumb Code     0  startup_stm32f10x_md.o(.text)
    USB_LP_CAN1_RX0_IRQHandler               0x080001b7   Thumb Code     0  startup_stm32f10x_md.o(.text)
    WWDG_IRQHandler                          0x080001b7   Thumb Code     0  startup_stm32f10x_md.o(.text)
    __aeabi_memcpy                           0x080001c1   Thumb Code    36  memcpya.o(.text)
    __aeabi_memcpy4                          0x080001c1   Thumb Code     0  memcpya.o(.text)
    __aeabi_memcpy8                          0x080001c1   Thumb Code     0  memcpya.o(.text)
    __aeabi_memset                           0x080001e5   Thumb Code    14  memseta.o(.text)
    __aeabi_memset4                          0x080001e5   Thumb Code     0  memseta.o(.text)
    __aeabi_memset8                          0x080001e5   Thumb Code     0  memseta.o(.text)
    __aeabi_memclr                           0x080001f3   Thumb Code     4  memseta.o(.text)
    __aeabi_memclr4                          0x080001f3   Thumb Code     0  memseta.o(.text)
    __aeabi_memclr8                          0x080001f3   Thumb Code     0  memseta.o(.text)
    _memset$wrapper                          0x080001f7   Thumb Code    18  memseta.o(.text)
    strlen                                   0x08000209   Thumb Code    14  strlen.o(.text)
    strcpy                                   0x08000217   Thumb Code    18  strcpy.o(.text)
    __aeabi_uidiv                            0x08000229   Thumb Code     0  uidiv.o(.text)
    __aeabi_uidivmod                         0x08000229   Thumb Code    44  uidiv.o(.text)
    __scatterload                            0x08000255   Thumb Code    28  init.o(.text)
    __scatterload_rt2                        0x08000255   Thumb Code     0  init.o(.text)
    BusFault_Handler                         0x0800032d   Thumb Code     4  stm32f10x_it.o(i.BusFault_Handler)
    CPU_task                                 0x08000331   Thumb Code    92  main.o(i.CPU_task)
    DebugMon_Handler                         0x080003fd   Thumb Code     2  stm32f10x_it.o(i.DebugMon_Handler)
    GPIO_Init                                0x080003ff   Thumb Code   278  stm32f10x_gpio.o(i.GPIO_Init)
    GPIO_SetBits                             0x08000515   Thumb Code     4  stm32f10x_gpio.o(i.GPIO_SetBits)
    HardFault_Handler                        0x08000519   Thumb Code     4  stm32f10x_it.o(i.HardFault_Handler)
    KEY_task                                 0x0800051d   Thumb Code    12  main.o(i.KEY_task)
    LED_Init                                 0x08000529   Thumb Code    50  led.o(i.LED_Init)
    MemManage_Handler                        0x08000561   Thumb Code     4  stm32f10x_it.o(i.MemManage_Handler)
    NMI_Handler                              0x08000565   Thumb Code     2  stm32f10x_it.o(i.NMI_Handler)
    NVIC_Init                                0x08000569   Thumb Code   100  misc.o(i.NVIC_Init)
    NVIC_PriorityGroupConfig                 0x080005d9   Thumb Code    10  misc.o(i.NVIC_PriorityGroupConfig)
    OLED_task                                0x080005ed   Thumb Code    12  main.o(i.OLED_task)
    RCC_APB1PeriphClockCmd                   0x080005f9   Thumb Code    26  stm32f10x_rcc.o(i.RCC_APB1PeriphClockCmd)
    RCC_APB2PeriphClockCmd                   0x08000619   Thumb Code    26  stm32f10x_rcc.o(i.RCC_APB2PeriphClockCmd)
    RCC_GetClocksFreq                        0x08000639   Thumb Code   192  stm32f10x_rcc.o(i.RCC_GetClocksFreq)
    SysTick_CLKSourceConfig                  0x080007f5   Thumb Code    40  misc.o(i.SysTick_CLKSourceConfig)
    SysTick_Handler                          0x0800081d   Thumb Code    16  delay.o(i.SysTick_Handler)
    SystemInit                               0x0800082d   Thumb Code    78  system_stm32f10x.o(i.SystemInit)
    TIM2_IRQHandler                          0x0800088d   Thumb Code    22  timme.o(i.TIM2_IRQHandler)
    TIM3_IRQHandler                          0x080008a5   Thumb Code    34  timme.o(i.TIM3_IRQHandler)
    TIM3_Int_Init                            0x080008d1   Thumb Code    90  timme.o(i.TIM3_Int_Init)
    TIM_ClearITPendingBit                    0x08000931   Thumb Code     6  stm32f10x_tim.o(i.TIM_ClearITPendingBit)
    TIM_Cmd                                  0x08000937   Thumb Code    24  stm32f10x_tim.o(i.TIM_Cmd)
    TIM_GetITStatus                          0x0800094f   Thumb Code    34  stm32f10x_tim.o(i.TIM_GetITStatus)
    TIM_ITConfig                             0x08000971   Thumb Code    18  stm32f10x_tim.o(i.TIM_ITConfig)
    TIM_TimeBaseInit                         0x08000985   Thumb Code   122  stm32f10x_tim.o(i.TIM_TimeBaseInit)
    Timer2_Init                              0x08000a29   Thumb Code    92  timme.o(i.Timer2_Init)
    USART1_IRQHandler                        0x08000a85   Thumb Code   122  usart.o(i.USART1_IRQHandler)
    USART_Cmd                                0x08000b0d   Thumb Code    24  stm32f10x_usart.o(i.USART_Cmd)
    USART_GetITStatus                        0x08000b25   Thumb Code    84  stm32f10x_usart.o(i.USART_GetITStatus)
    USART_ITConfig                           0x08000b79   Thumb Code    74  stm32f10x_usart.o(i.USART_ITConfig)
    USART_Init                               0x08000bc5   Thumb Code   210  stm32f10x_usart.o(i.USART_Init)
    USART_ReceiveData                        0x08000c9d   Thumb Code    10  stm32f10x_usart.o(i.USART_ReceiveData)
    UsageFault_Handler                       0x08000ca7   Thumb Code     4  stm32f10x_it.o(i.UsageFault_Handler)
    __0printf$3                              0x08000cad   Thumb Code    22  printf3.o(i.__0printf$3)
    __1printf$3                              0x08000cad   Thumb Code     0  printf3.o(i.__0printf$3)
    __2printf                                0x08000cad   Thumb Code     0  printf3.o(i.__0printf$3)
    __0sprintf$3                             0x08000ccd   Thumb Code    34  printf3.o(i.__0sprintf$3)
    __1sprintf$3                             0x08000ccd   Thumb Code     0  printf3.o(i.__0sprintf$3)
    __2sprintf                               0x08000ccd   Thumb Code     0  printf3.o(i.__0sprintf$3)
    __scatterload_copy                       0x08000cf5   Thumb Code    14  handlers.o(i.__scatterload_copy)
    __scatterload_null                       0x08000d03   Thumb Code     2  handlers.o(i.__scatterload_null)
    __scatterload_zeroinit                   0x08000d05   Thumb Code    14  handlers.o(i.__scatterload_zeroinit)
    bsp_Init                                 0x08000ed7   Thumb Code    48  bsp.o(i.bsp_Init)
    delay_init                               0x08000f09   Thumb Code    74  delay.o(i.delay_init)
    eTaskGetState                            0x08000f65   Thumb Code   102  tasks.o(i.eTaskGetState)
    fputc                                    0x08001005   Thumb Code    24  usart.o(i.fputc)
    led0_task                                0x08001021   Thumb Code    28  main.o(i.led0_task)
    main                                     0x08001041   Thumb Code    28  main.o(i.main)
    pvPortMalloc                             0x08001c01   Thumb Code   262  heap_4.o(i.pvPortMalloc)
    pvTaskIncrementMutexHeldCount            0x08001d55   Thumb Code    26  tasks.o(i.pvTaskIncrementMutexHeldCount)
    pxPortInitialiseStack                    0x08001d75   Thumb Code    30  port.o(i.pxPortInitialiseStack)
    uart_init                                0x08001d99   Thumb Code   152  usart.o(i.uart_init)
    uxListRemove                             0x08001e39   Thumb Code    40  list.o(i.uxListRemove)
    uxTaskGetSystemState                     0x08001e61   Thumb Code   154  tasks.o(i.uxTaskGetSystemState)
    vListInitialise                          0x08001f19   Thumb Code    26  list.o(i.vListInitialise)
    vListInitialiseItem                      0x08001f33   Thumb Code     6  list.o(i.vListInitialiseItem)
    vListInsert                              0x08001f39   Thumb Code    52  list.o(i.vListInsert)
    vListInsertEnd                           0x08001f6d   Thumb Code    24  list.o(i.vListInsertEnd)
    vPortEnterCritical                       0x08001f85   Thumb Code    68  port.o(i.vPortEnterCritical)
    vPortExitCritical                        0x0800200d   Thumb Code    48  port.o(i.vPortExitCritical)
    vPortFree                                0x0800207d   Thumb Code   120  heap_4.o(i.vPortFree)
    vPortSetupTimerInterrupt                 0x08002135   Thumb Code    26  port.o(i.vPortSetupTimerInterrupt)
    vPortValidateInterruptPriority           0x08002155   Thumb Code    86  port.o(i.vPortValidateInterruptPriority)
    vQueueAddToRegistry                      0x080021f5   Thumb Code    38  queue.o(i.vQueueAddToRegistry)
    vQueueWaitForMessageRestricted           0x08002221   Thumb Code    74  queue.o(i.vQueueWaitForMessageRestricted)
    vTaskDelay                               0x0800226d   Thumb Code    72  tasks.o(i.vTaskDelay)
    vTaskGetInfo                             0x080022e1   Thumb Code   114  tasks.o(i.vTaskGetInfo)
    vTaskGetRunTimeStats                     0x08002359   Thumb Code   182  tasks.o(i.vTaskGetRunTimeStats)
    vTaskList                                0x0800242d   Thumb Code   204  tasks.o(i.vTaskList)
    vTaskMissedYield                         0x0800250d   Thumb Code     8  tasks.o(i.vTaskMissedYield)
    vTaskPlaceOnEventList                    0x08002519   Thumb Code    42  tasks.o(i.vTaskPlaceOnEventList)
    vTaskPlaceOnEventListRestricted          0x0800256d   Thumb Code    50  tasks.o(i.vTaskPlaceOnEventListRestricted)
    vTaskPriorityInherit                     0x080025c9   Thumb Code   164  tasks.o(i.vTaskPriorityInherit)
    vTaskSetTimeOutState                     0x08002679   Thumb Code    32  tasks.o(i.vTaskSetTimeOutState)
    vTaskStartScheduler                      0x080026c5   Thumb Code   112  tasks.o(i.vTaskStartScheduler)
    vTaskSuspendAll                          0x08002779   Thumb Code    12  tasks.o(i.vTaskSuspendAll)
    vTaskSwitchContext                       0x08002789   Thumb Code   162  tasks.o(i.vTaskSwitchContext)
    xPortStartScheduler                      0x08002871   Thumb Code   140  port.o(i.xPortStartScheduler)
    xPortSysTickHandler                      0x08002911   Thumb Code    46  port.o(i.xPortSysTickHandler)
    xQueueGenericCreate                      0x08002945   Thumb Code    78  queue.o(i.xQueueGenericCreate)
    xQueueGenericReceive                     0x080029b9   Thumb Code   416  queue.o(i.xQueueGenericReceive)
    xQueueGenericReset                       0x08002b81   Thumb Code   136  queue.o(i.xQueueGenericReset)
    xQueueGenericSend                        0x08002c31   Thumb Code   412  queue.o(i.xQueueGenericSend)
    xQueueGenericSendFromISR                 0x08002df5   Thumb Code   234  queue.o(i.xQueueGenericSendFromISR)
    xTaskCheckForTimeOut                     0x08002f05   Thumb Code   116  tasks.o(i.xTaskCheckForTimeOut)
    xTaskCreate                              0x08002fa5   Thumb Code    96  tasks.o(i.xTaskCreate)
    xTaskGetSchedulerState                   0x08003005   Thumb Code    24  tasks.o(i.xTaskGetSchedulerState)
    xTaskGetTickCount                        0x08003025   Thumb Code     6  tasks.o(i.xTaskGetTickCount)
    xTaskIncrementTick                       0x08003031   Thumb Code   272  tasks.o(i.xTaskIncrementTick)
    xTaskPriorityDisinherit                  0x08003191   Thumb Code   168  tasks.o(i.xTaskPriorityDisinherit)
    xTaskRemoveFromEventList                 0x08003269   Thumb Code   118  tasks.o(i.xTaskRemoveFromEventList)
    xTaskResumeAll                           0x0800331d   Thumb Code   214  tasks.o(i.xTaskResumeAll)
    xTimerCreateTimerTask                    0x0800343d   Thumb Code    56  timers.o(i.xTimerCreateTimerTask)
    xTimerGenericCommand                     0x080034b1   Thumb Code   118  timers.o(i.xTimerGenericCommand)
    Region$$Table$$Base                      0x08003608   Number         0  anon$$obj.o(Region$$Table)
    Region$$Table$$Limit                     0x08003628   Number         0  anon$$obj.o(Region$$Table)
    LED0Task_Handler                         0x20000000   Data           4  main.o(.data)
    KEYTask_Handler                          0x20000004   Data           4  main.o(.data)
    CPUask_Handler                           0x20000008   Data           4  main.o(.data)
    OLEDask_Handler                          0x2000000c   Data           4  main.o(.data)
    CPU_RunTime                              0x20000010   Data           4  timme.o(.data)
    __stdout                                 0x20000018   Data           4  usart.o(.data)
    USART_RX_STA                             0x2000001c   Data           2  usart.o(.data)
    SystemCoreClock                          0x20000020   Data           4  system_stm32f10x.o(.data)
    AHBPrescTable                            0x20000024   Data          16  system_stm32f10x.o(.data)
    pxCurrentTCB                             0x20000048   Data           4  tasks.o(.data)
    USART_RX_BUF                             0x200000c4   Data         200  usart.o(.bss)
    xQueueRegistry                           0x2000018c   Data          64  queue.o(.bss)
    __initial_sp                             0x200028d8   Data           0  startup_stm32f10x_md.o(STACK)



==============================================================================

Memory Map of the image

  Image Entry point : 0x0800019d

  Load Region LR_1 (Base: 0x08000000, Size: 0x000036ec, Max: 0xffffffff, ABSOLUTE)

    Execution Region ER_RO (Exec base: 0x08000000, Load base: 0x08000000, Size: 0x00003628, Max: 0xffffffff, ABSOLUTE)

    Exec Addr    Load Addr    Size         Type   Attr      Idx    E Section Name        Object

    0x08000000   0x08000000   0x000000ec   Data   RO          539    RESET               startup_stm32f10x_md.o
    0x080000ec   0x080000ec   0x00000000   Code   RO         2723  * .ARM.Collect$$$$00000000  mc_w.l(entry.o)
    0x080000ec   0x080000ec   0x00000004   Code   RO         2997    .ARM.Collect$$$$00000001  mc_w.l(entry2.o)
    0x080000f0   0x080000f0   0x00000004   Code   RO         3000    .ARM.Collect$$$$00000004  mc_w.l(entry5.o)
    0x080000f4   0x080000f4   0x00000000   Code   RO         3002    .ARM.Collect$$$$00000008  mc_w.l(entry7b.o)
    0x080000f4   0x080000f4   0x00000000   Code   RO         3004    .ARM.Collect$$$$0000000A  mc_w.l(entry8b.o)
    0x080000f4   0x080000f4   0x00000008   Code   RO         3005    .ARM.Collect$$$$0000000B  mc_w.l(entry9a.o)
    0x080000fc   0x080000fc   0x00000004   Code   RO         3012    .ARM.Collect$$$$0000000E  mc_w.l(entry12b.o)
    0x08000100   0x08000100   0x00000000   Code   RO         3007    .ARM.Collect$$$$0000000F  mc_w.l(entry10a.o)
    0x08000100   0x08000100   0x00000000   Code   RO         3009    .ARM.Collect$$$$00000011  mc_w.l(entry11a.o)
    0x08000100   0x08000100   0x00000004   Code   RO         2998    .ARM.Collect$$$$00002712  mc_w.l(entry2.o)
    0x08000104   0x08000104   0x00000096   Code   RO         2529    .emb_text           port.o
    0x0800019a   0x0800019a   0x00000002   PAD
    0x0800019c   0x0800019c   0x00000024   Code   RO          540  * .text               startup_stm32f10x_md.o
    0x080001c0   0x080001c0   0x00000024   Code   RO         2726    .text               mc_w.l(memcpya.o)
    0x080001e4   0x080001e4   0x00000024   Code   RO         2728    .text               mc_w.l(memseta.o)
    0x08000208   0x08000208   0x0000000e   Code   RO         2730    .text               mc_w.l(strlen.o)
    0x08000216   0x08000216   0x00000012   Code   RO         2732    .text               mc_w.l(strcpy.o)
    0x08000228   0x08000228   0x0000002c   Code   RO         3013    .text               mc_w.l(uidiv.o)
    0x08000254   0x08000254   0x00000024   Code   RO         3028    .text               mc_w.l(init.o)
    0x08000278   0x08000278   0x00000002   Code   RO            1    i.AppObjCreate      main.o
    0x0800027a   0x0800027a   0x00000002   PAD
    0x0800027c   0x0800027c   0x000000b0   Code   RO            2    i.AppTaskCreate     main.o
    0x0800032c   0x0800032c   0x00000004   Code   RO          432    i.BusFault_Handler  stm32f10x_it.o
    0x08000330   0x08000330   0x000000cc   Code   RO            3    i.CPU_task          main.o
    0x080003fc   0x080003fc   0x00000002   Code   RO          433    i.DebugMon_Handler  stm32f10x_it.o
    0x080003fe   0x080003fe   0x00000116   Code   RO          586    i.GPIO_Init         stm32f10x_gpio.o
    0x08000514   0x08000514   0x00000004   Code   RO          594    i.GPIO_SetBits      stm32f10x_gpio.o
    0x08000518   0x08000518   0x00000004   Code   RO          434    i.HardFault_Handler  stm32f10x_it.o
    0x0800051c   0x0800051c   0x0000000c   Code   RO            4    i.KEY_task          main.o
    0x08000528   0x08000528   0x00000038   Code   RO          224    i.LED_Init          led.o
    0x08000560   0x08000560   0x00000004   Code   RO          435    i.MemManage_Handler  stm32f10x_it.o
    0x08000564   0x08000564   0x00000002   Code   RO          436    i.NMI_Handler       stm32f10x_it.o
    0x08000566   0x08000566   0x00000002   PAD
    0x08000568   0x08000568   0x00000070   Code   RO          544    i.NVIC_Init         misc.o
    0x080005d8   0x080005d8   0x00000014   Code   RO          545    i.NVIC_PriorityGroupConfig  misc.o
    0x080005ec   0x080005ec   0x0000000c   Code   RO            5    i.OLED_task         main.o
    0x080005f8   0x080005f8   0x00000020   Code   RO          720    i.RCC_APB1PeriphClockCmd  stm32f10x_rcc.o
    0x08000618   0x08000618   0x00000020   Code   RO          722    i.RCC_APB2PeriphClockCmd  stm32f10x_rcc.o
    0x08000638   0x08000638   0x000000d4   Code   RO          730    i.RCC_GetClocksFreq  stm32f10x_rcc.o
    0x0800070c   0x0800070c   0x00000008   Code   RO          503    i.SetSysClock       system_stm32f10x.o
    0x08000714   0x08000714   0x000000e0   Code   RO          504    i.SetSysClockTo72   system_stm32f10x.o
    0x080007f4   0x080007f4   0x00000028   Code   RO          548    i.SysTick_CLKSourceConfig  misc.o
    0x0800081c   0x0800081c   0x00000010   Code   RO          308    i.SysTick_Handler   delay.o
    0x0800082c   0x0800082c   0x00000060   Code   RO          506    i.SystemInit        system_stm32f10x.o
    0x0800088c   0x0800088c   0x00000016   Code   RO          240    i.TIM2_IRQHandler   timme.o
    0x080008a2   0x080008a2   0x00000002   PAD
    0x080008a4   0x080008a4   0x0000002c   Code   RO          241    i.TIM3_IRQHandler   timme.o
    0x080008d0   0x080008d0   0x00000060   Code   RO          242    i.TIM3_Int_Init     timme.o
    0x08000930   0x08000930   0x00000006   Code   RO         1109    i.TIM_ClearITPendingBit  stm32f10x_tim.o
    0x08000936   0x08000936   0x00000018   Code   RO         1114    i.TIM_Cmd           stm32f10x_tim.o
    0x0800094e   0x0800094e   0x00000022   Code   RO         1135    i.TIM_GetITStatus   stm32f10x_tim.o
    0x08000970   0x08000970   0x00000012   Code   RO         1139    i.TIM_ITConfig      stm32f10x_tim.o
    0x08000982   0x08000982   0x00000002   PAD
    0x08000984   0x08000984   0x000000a4   Code   RO         1185    i.TIM_TimeBaseInit  stm32f10x_tim.o
    0x08000a28   0x08000a28   0x0000005c   Code   RO          243    i.Timer2_Init       timme.o
    0x08000a84   0x08000a84   0x00000088   Code   RO          375    i.USART1_IRQHandler  usart.o
    0x08000b0c   0x08000b0c   0x00000018   Code   RO          922    i.USART_Cmd         stm32f10x_usart.o
    0x08000b24   0x08000b24   0x00000054   Code   RO          926    i.USART_GetITStatus  stm32f10x_usart.o
    0x08000b78   0x08000b78   0x0000004a   Code   RO          928    i.USART_ITConfig    stm32f10x_usart.o
    0x08000bc2   0x08000bc2   0x00000002   PAD
    0x08000bc4   0x08000bc4   0x000000d8   Code   RO          929    i.USART_Init        stm32f10x_usart.o
    0x08000c9c   0x08000c9c   0x0000000a   Code   RO          936    i.USART_ReceiveData  stm32f10x_usart.o
    0x08000ca6   0x08000ca6   0x00000004   Code   RO          437    i.UsageFault_Handler  stm32f10x_it.o
    0x08000caa   0x08000caa   0x00000002   PAD
    0x08000cac   0x08000cac   0x00000020   Code   RO         2825    i.__0printf$3       mc_w.l(printf3.o)
    0x08000ccc   0x08000ccc   0x00000028   Code   RO         2827    i.__0sprintf$3      mc_w.l(printf3.o)
    0x08000cf4   0x08000cf4   0x0000000e   Code   RO         3040    i.__scatterload_copy  mc_w.l(handlers.o)
    0x08000d02   0x08000d02   0x00000002   Code   RO         3041    i.__scatterload_null  mc_w.l(handlers.o)
    0x08000d04   0x08000d04   0x0000000e   Code   RO         3042    i.__scatterload_zeroinit  mc_w.l(handlers.o)
    0x08000d12   0x08000d12   0x00000002   PAD
    0x08000d14   0x08000d14   0x000001b8   Code   RO         2832    i._printf_core      mc_w.l(printf3.o)
    0x08000ecc   0x08000ecc   0x0000000a   Code   RO         2834    i._sputc            mc_w.l(printf3.o)
    0x08000ed6   0x08000ed6   0x00000030   Code   RO          280    i.bsp_Init          bsp.o
    0x08000f06   0x08000f06   0x00000002   PAD
    0x08000f08   0x08000f08   0x0000005c   Code   RO          309    i.delay_init        delay.o
    0x08000f64   0x08000f64   0x000000a0   Code   RO         2031    i.eTaskGetState     tasks.o
    0x08001004   0x08001004   0x0000001c   Code   RO          377    i.fputc             usart.o
    0x08001020   0x08001020   0x00000020   Code   RO            6    i.led0_task         main.o
    0x08001040   0x08001040   0x0000001c   Code   RO            7    i.main              main.o
    0x0800105c   0x0800105c   0x00000098   Code   RO         2033    i.prvAddCurrentTaskToDelayedList  tasks.o
    0x080010f4   0x080010f4   0x000000b8   Code   RO         2034    i.prvAddNewTaskToReadyList  tasks.o
    0x080011ac   0x080011ac   0x00000064   Code   RO         2399    i.prvCheckForValidListAndQueue  timers.o
    0x08001210   0x08001210   0x00000064   Code   RO         2035    i.prvCheckTasksWaitingTermination  tasks.o
    0x08001274   0x08001274   0x0000002a   Code   RO         1800    i.prvCopyDataFromQueue  queue.o
    0x0800129e   0x0800129e   0x0000007c   Code   RO         1801    i.prvCopyDataToQueue  queue.o
    0x0800131a   0x0800131a   0x00000012   Code   RO         2036    i.prvDeleteTCB      tasks.o
    0x0800132c   0x0800132c   0x00000028   Code   RO         2400    i.prvGetNextExpireTime  timers.o
    0x08001354   0x08001354   0x0000007c   Code   RO         2606    i.prvHeapInit       heap_4.o
    0x080013d0   0x080013d0   0x00000028   Code   RO         2037    i.prvIdleTask       tasks.o
    0x080013f8   0x080013f8   0x0000002e   Code   RO         1803    i.prvInitialiseNewQueue  queue.o
    0x08001426   0x08001426   0x00000002   PAD
    0x08001428   0x08001428   0x000000d0   Code   RO         2038    i.prvInitialiseNewTask  tasks.o
    0x080014f8   0x080014f8   0x00000068   Code   RO         2039    i.prvInitialiseTaskLists  tasks.o
    0x08001560   0x08001560   0x00000068   Code   RO         2607    i.prvInsertBlockIntoFreeList  heap_4.o
    0x080015c8   0x080015c8   0x00000058   Code   RO         2402    i.prvInsertTimerInActiveList  timers.o
    0x08001620   0x08001620   0x0000001a   Code   RO         1804    i.prvIsQueueEmpty   queue.o
    0x0800163a   0x0800163a   0x0000001e   Code   RO         1805    i.prvIsQueueFull    queue.o
    0x08001658   0x08001658   0x0000006a   Code   RO         2040    i.prvListTasksWithinSingleList  tasks.o
    0x080016c2   0x080016c2   0x00000002   PAD
    0x080016c4   0x080016c4   0x000000a0   Code   RO         1806    i.prvNotifyQueueSetContainer  queue.o
    0x08001764   0x08001764   0x00000080   Code   RO         2403    i.prvProcessExpiredTimer  timers.o
    0x080017e4   0x080017e4   0x0000012c   Code   RO         2404    i.prvProcessReceivedCommands  timers.o
    0x08001910   0x08001910   0x00000074   Code   RO         2405    i.prvProcessTimerOrBlockTask  timers.o
    0x08001984   0x08001984   0x00000034   Code   RO         2041    i.prvResetNextTaskUnblockTime  tasks.o
    0x080019b8   0x080019b8   0x0000002c   Code   RO         2406    i.prvSampleTimeNow  timers.o
    0x080019e4   0x080019e4   0x000000bc   Code   RO         2407    i.prvSwitchTimerLists  timers.o
    0x08001aa0   0x08001aa0   0x00000016   Code   RO         2042    i.prvTaskCheckFreeStackSpace  tasks.o
    0x08001ab6   0x08001ab6   0x00000002   PAD
    0x08001ab8   0x08001ab8   0x00000070   Code   RO         2530    i.prvTaskExitError  port.o
    0x08001b28   0x08001b28   0x0000001a   Code   RO         2408    i.prvTimerTask      timers.o
    0x08001b42   0x08001b42   0x00000092   Code   RO         1807    i.prvUnlockQueue    queue.o
    0x08001bd4   0x08001bd4   0x0000002a   Code   RO         2044    i.prvWriteNameToBuffer  tasks.o
    0x08001bfe   0x08001bfe   0x00000002   PAD
    0x08001c00   0x08001c00   0x00000154   Code   RO         2608    i.pvPortMalloc      heap_4.o
    0x08001d54   0x08001d54   0x00000020   Code   RO         2045    i.pvTaskIncrementMutexHeldCount  tasks.o
    0x08001d74   0x08001d74   0x00000024   Code   RO         2531    i.pxPortInitialiseStack  port.o
    0x08001d98   0x08001d98   0x000000a0   Code   RO          378    i.uart_init         usart.o
    0x08001e38   0x08001e38   0x00000028   Code   RO         1763    i.uxListRemove      list.o
    0x08001e60   0x08001e60   0x000000b8   Code   RO         2048    i.uxTaskGetSystemState  tasks.o
    0x08001f18   0x08001f18   0x0000001a   Code   RO         1764    i.vListInitialise   list.o
    0x08001f32   0x08001f32   0x00000006   Code   RO         1765    i.vListInitialiseItem  list.o
    0x08001f38   0x08001f38   0x00000034   Code   RO         1766    i.vListInsert       list.o
    0x08001f6c   0x08001f6c   0x00000018   Code   RO         1767    i.vListInsertEnd    list.o
    0x08001f84   0x08001f84   0x00000088   Code   RO         2533    i.vPortEnterCritical  port.o
    0x0800200c   0x0800200c   0x00000070   Code   RO         2534    i.vPortExitCritical  port.o
    0x0800207c   0x0800207c   0x000000b8   Code   RO         2609    i.vPortFree         heap_4.o
    0x08002134   0x08002134   0x00000020   Code   RO         2535    i.vPortSetupTimerInterrupt  port.o
    0x08002154   0x08002154   0x000000a0   Code   RO         2536    i.vPortValidateInterruptPriority  port.o
    0x080021f4   0x080021f4   0x0000002c   Code   RO         1813    i.vQueueAddToRegistry  queue.o
    0x08002220   0x08002220   0x0000004a   Code   RO         1817    i.vQueueWaitForMessageRestricted  queue.o
    0x0800226a   0x0800226a   0x00000002   PAD
    0x0800226c   0x0800226c   0x00000074   Code   RO         2053    i.vTaskDelay        tasks.o
    0x080022e0   0x080022e0   0x00000078   Code   RO         2057    i.vTaskGetInfo      tasks.o
    0x08002358   0x08002358   0x000000d4   Code   RO         2058    i.vTaskGetRunTimeStats  tasks.o
    0x0800242c   0x0800242c   0x000000e0   Code   RO         2059    i.vTaskList         tasks.o
    0x0800250c   0x0800250c   0x0000000c   Code   RO         2060    i.vTaskMissedYield  tasks.o
    0x08002518   0x08002518   0x00000054   Code   RO         2062    i.vTaskPlaceOnEventList  tasks.o
    0x0800256c   0x0800256c   0x0000005c   Code   RO         2063    i.vTaskPlaceOnEventListRestricted  tasks.o
    0x080025c8   0x080025c8   0x000000b0   Code   RO         2065    i.vTaskPriorityInherit  tasks.o
    0x08002678   0x08002678   0x0000004c   Code   RO         2069    i.vTaskSetTimeOutState  tasks.o
    0x080026c4   0x080026c4   0x000000b4   Code   RO         2070    i.vTaskStartScheduler  tasks.o
    0x08002778   0x08002778   0x00000010   Code   RO         2072    i.vTaskSuspendAll   tasks.o
    0x08002788   0x08002788   0x000000e8   Code   RO         2073    i.vTaskSwitchContext  tasks.o
    0x08002870   0x08002870   0x000000a0   Code   RO         2537    i.xPortStartScheduler  port.o
    0x08002910   0x08002910   0x00000034   Code   RO         2538    i.xPortSysTickHandler  port.o
    0x08002944   0x08002944   0x00000074   Code   RO         1822    i.xQueueGenericCreate  queue.o
    0x080029b8   0x080029b8   0x000001c8   Code   RO         1823    i.xQueueGenericReceive  queue.o
    0x08002b80   0x08002b80   0x000000b0   Code   RO         1824    i.xQueueGenericReset  queue.o
    0x08002c30   0x08002c30   0x000001c4   Code   RO         1825    i.xQueueGenericSend  queue.o
    0x08002df4   0x08002df4   0x00000110   Code   RO         1826    i.xQueueGenericSendFromISR  queue.o
    0x08002f04   0x08002f04   0x000000a0   Code   RO         2074    i.xTaskCheckForTimeOut  tasks.o
    0x08002fa4   0x08002fa4   0x00000060   Code   RO         2075    i.xTaskCreate       tasks.o
    0x08003004   0x08003004   0x00000020   Code   RO         2079    i.xTaskGetSchedulerState  tasks.o
    0x08003024   0x08003024   0x0000000c   Code   RO         2080    i.xTaskGetTickCount  tasks.o
    0x08003030   0x08003030   0x00000160   Code   RO         2082    i.xTaskIncrementTick  tasks.o
    0x08003190   0x08003190   0x000000d8   Code   RO         2085    i.xTaskPriorityDisinherit  tasks.o
    0x08003268   0x08003268   0x000000b4   Code   RO         2086    i.xTaskRemoveFromEventList  tasks.o
    0x0800331c   0x0800331c   0x00000120   Code   RO         2088    i.xTaskResumeAll    tasks.o
    0x0800343c   0x0800343c   0x00000074   Code   RO         2412    i.xTimerCreateTimerTask  timers.o
    0x080034b0   0x080034b0   0x000000a4   Code   RO         2413    i.xTimerGenericCommand  timers.o
    0x08003554   0x08003554   0x000000b1   Data   RO            8    .conststring        main.o
    0x08003605   0x08003605   0x00000003   PAD
    0x08003608   0x08003608   0x00000020   Data   RO         3038    Region$$Table       anon$$obj.o


    Execution Region ER_RW (Exec base: 0x20000000, Load base: 0x08003628, Size: 0x000000c4, Max: 0xffffffff, ABSOLUTE)

    Exec Addr    Load Addr    Size         Type   Attr      Idx    E Section Name        Object

    0x20000000   0x08003628   0x00000010   Data   RW            9    .data               main.o
    0x20000010   0x08003638   0x00000004   Data   RW          244    .data               timme.o
    0x20000014   0x0800363c   0x00000004   Data   RW          313    .data               delay.o
    0x20000018   0x08003640   0x00000006   Data   RW          380    .data               usart.o
    0x2000001e   0x08003646   0x00000002   PAD
    0x20000020   0x08003648   0x00000014   Data   RW          507    .data               system_stm32f10x.o
    0x20000034   0x0800365c   0x00000014   Data   RW          750    .data               stm32f10x_rcc.o
    0x20000048   0x08003670   0x00000044   Data   RW         2091    .data               tasks.o
    0x2000008c   0x080036b4   0x00000014   Data   RW         2421    .data               timers.o
    0x200000a0   0x080036c8   0x0000000c   Data   RW         2539    .data               port.o
    0x200000ac   0x080036d4   0x00000018   Data   RW         2614    .data               heap_4.o


    Execution Region ER_ZI (Exec base: 0x200000c4, Load base: 0x080036ec, Size: 0x00002814, Max: 0xffffffff, ABSOLUTE)

    Exec Addr    Load Addr    Size         Type   Attr      Idx    E Section Name        Object

    0x200000c4        -       0x000000c8   Zero   RW          379    .bss                usart.o
    0x2000018c        -       0x00000040   Zero   RW         1837    .bss                queue.o
    0x200001cc        -       0x000002e4   Zero   RW         2090    .bss                tasks.o
    0x200004b0        -       0x00000028   Zero   RW         2420    .bss                timers.o
    0x200004d8        -       0x00002000   Zero   RW         2613    .bss                heap_4.o
    0x200024d8        -       0x00000400   Zero   RW          537    STACK               startup_stm32f10x_md.o


==============================================================================

Image component sizes


      Code (inc. data)   RO Data    RW Data    ZI Data      Debug   Object Name

        48          0          0          0          0        447   bsp.o
       108         18          0          4          0       1127   delay.o
         0          0          0          0          0       9336   event_groups.o
       752        176          0         24       8192       3759   heap_4.o
        56          6          0          0          0        471   led.o
       148          0          0          0          0       2954   list.o
       466        198        177         16          0     284654   main.o
       172         22          0          0          0       1997   misc.o
       950        320          0         12          0       9973   port.o
      2164        238          0          0         64      12641   queue.o
        36          8        236          0       1024        784   startup_stm32f10x_md.o
       282          0          0          0          0       2451   stm32f10x_gpio.o
        20          0          0          0          0       2389   stm32f10x_it.o
       276         32          0         20          0       4366   stm32f10x_rcc.o
       246         42          0          0          0       3458   stm32f10x_tim.o
       408          6          0          0          0       4910   stm32f10x_usart.o
         0          0          0          0          0         32   sys.o
       328         28          0         20          0       2017   system_stm32f10x.o
      4280        960          0         68        740      33218   tasks.o
      1310        312          0         20         40       8251   timers.o
       254         16          0          4          0       2900   timme.o
       324         26          0          6        200       3616   usart.o

    ----------------------------------------------------------------------
     12654       2408        448        196      10260     395751   Object Totals
         0          0         32          0          0          0   (incl. Generated)
        26          0          3          2          0          0   (incl. Padding)

    ----------------------------------------------------------------------

      Code (inc. data)   RO Data    RW Data    ZI Data      Debug   Library Member Name

         0          0          0          0          0          0   entry.o
         0          0          0          0          0          0   entry10a.o
         0          0          0          0          0          0   entry11a.o
         4          0          0          0          0          0   entry12b.o
         8          4          0          0          0          0   entry2.o
         4          0          0          0          0          0   entry5.o
         0          0          0          0          0          0   entry7b.o
         0          0          0          0          0          0   entry8b.o
         8          4          0          0          0          0   entry9a.o
        30          0          0          0          0          0   handlers.o
        36          8          0          0          0         68   init.o
        36          0          0          0          0         68   memcpya.o
        36          0          0          0          0        108   memseta.o
       522         20          0          0          0        336   printf3.o
        18          0          0          0          0         68   strcpy.o
        14          0          0          0          0         68   strlen.o
        44          0          0          0          0         80   uidiv.o

    ----------------------------------------------------------------------
       762         36          0          0          0        796   Library Totals
         2          0          0          0          0          0   (incl. Padding)

    ----------------------------------------------------------------------

      Code (inc. data)   RO Data    RW Data    ZI Data      Debug   Library Name

       760         36          0          0          0        796   mc_w.l

    ----------------------------------------------------------------------
       762         36          0          0          0        796   Library Totals

    ----------------------------------------------------------------------

==============================================================================


      Code (inc. data)   RO Data    RW Data    ZI Data      Debug   

     13416       2444        448        196      10260     390199   Grand Totals
     13416       2444        448        196      10260     390199   ELF Image Totals
     13416       2444        448        196          0          0   ROM Totals

==============================================================================

    Total RO  Size (Code + RO Data)                13864 (  13.54kB)
    Total RW  Size (RW Data + ZI Data)             10456 (  10.21kB)
    Total ROM Size (Code + RO Data + RW Data)      14060 (  13.73kB)

==============================================================================

